17:31:04,200 INFO  [KarafInstance] 
*******************************************************************************
*** Karaf Instance Number: 1 at /tmp/karaf4084680700932504232/caches/pan/da ***
***   ta-1                                                                  ***
*** Karaf Port:8802                                                         ***
*** OSGI Service Port:9051                                                  ***
*******************************************************************************
17:31:04,201 INFO  [KarafBoot] Checking to see if org.pentaho.clean.karaf.cache is enabled
Aug 18, 2016 5:31:04 PM org.apache.karaf.main.Main launch
INFO: Installing and starting initial bundles
Aug 18, 2016 5:31:04 PM org.apache.karaf.main.Main launch
INFO: All initial bundles installed and set to start
Aug 18, 2016 5:31:05 PM org.apache.karaf.main.Main$KarafLockCallback lockAquired
INFO: Lock acquired. Setting startlevel to 100
Creating configuration from org.apache.karaf.command.acl.shell.cfg
Creating configuration from org.apache.karaf.command.acl.feature.cfg
Creating configuration from org.apache.karaf.features.repos.cfg
Creating configuration from jmx.acl.org.apache.karaf.security.jmx.cfg
Creating configuration from mondrian.cfg
Creating configuration from org.ops4j.pax.logging.cfg
Creating configuration from jmx.acl.cfg
Creating configuration from org.apache.karaf.kar.cfg
Creating configuration from org.apache.karaf.command.acl.config.cfg
Creating configuration from org.apache.karaf.command.acl.system.cfg
Creating configuration from org.apache.activemq.server-default.cfg
Creating configuration from org.apache.karaf.webconsole.cfg
Creating configuration from org.apache.karaf.management.cfg
Creating configuration from org.apache.karaf.log.cfg
Creating configuration from org.pentaho.caching-default.cfg
Creating configuration from org.apache.karaf.shell.cfg
Creating configuration from org.apache.karaf.command.acl.scope_bundle.cfg
Creating configuration from org.ops4j.pax.web.cfg
Creating configuration from jmx.acl.java.lang.Memory.cfg
Creating configuration from org.apache.felix.fileinstall-deploy.cfg
Creating configuration from org.apache.activemq.webconsole.cfg
Creating configuration from jmx.acl.org.apache.karaf.bundle.cfg
Creating configuration from org.apache.karaf.jaas.cfg
Creating configuration from jmx.acl.org.apache.karaf.config.cfg
Creating configuration from jmx.acl.osgi.compendium.cm.cfg
Creating configuration from org.apache.karaf.features.cfg
Creating configuration from org.apache.karaf.command.acl.jaas.cfg
Creating configuration from org.apache.karaf.command.acl.kar.cfg
Creating configuration from org.apache.karaf.command.acl.bundle.cfg
Creating configuration from org.ops4j.pax.url.mvn.cfg
Creating configuration from org.apache.karaf.features.obr.cfg
Creating configuration from org.pentaho.features.cfg
2016/08/18 17:31:07 - cfgbuilder - Warning: The configuration parameter [org] is not supported by the default configuration builder for scheme: sftp
2016-08-18T17:31:11.483+0000: [GC2016-08-18T17:31:11.484+0000: [ParNew: 1538688K->17086K(1555776K), 0.1434640 secs] 1538688K->44784K(2080064K), 0.1435840 secs] [Times: user=0.21 sys=0.04, real=0.14 secs] 
Aug 18, 2016 5:31:12 PM org.pentaho.caching.impl.PentahoCacheManagerFactory$RegistrationHandler$1 onSuccess
INFO: New Caching Service registered
Creating configuration from pentaho.metaverse.cfg
SLF4J: Class path contains multiple SLF4J bindings.
SLF4J: Found binding in [jar:file:/opt/pentaho/data-integration/launcher/../lib/slf4j-log4j12-1.7.7.jar!/org/slf4j/impl/StaticLoggerBinder.class]
SLF4J: Found binding in [jar:file:/opt/pentaho/data-integration/plugins/pentaho-big-data-plugin/lib/slf4j-log4j12-1.7.3.jar!/org/slf4j/impl/StaticLoggerBinder.class]
SLF4J: See http://www.slf4j.org/codes.html#multiple_bindings for an explanation.
SLF4J: Actual binding is of type [org.slf4j.impl.Log4jLoggerFactory]
Creating configuration from pentaho.geo.roles.cfg
2016/08/18 17:31:16 - Pan - Start of run.
2016/08/18 17:31:17 - updateOhioVoterAndPeopleDimensions - Dispatching started for transformation [updateOhioVoterAndPeopleDimensions]
2016/08/18 17:31:17 - Get Variables.0 - Finished processing (I=0, O=0, R=1, W=1, U=0, E=0)
2016/08/18 17:31:17 - Lookup report date key.0 - Finished processing (I=1, O=0, R=1, W=1, U=0, E=0)
2016/08/18 17:31:17 - Text file input.0 - Opening file: file:///mnt/vol-etl-nyc1-01/data/Ohio/Aug2016/SWVF_1_44_OUT.csv
2016-08-18T17:31:21.005+0000: [GC2016-08-18T17:31:21.005+0000: [ParNew: 1555774K->17088K(1555776K), 0.2095480 secs] 1583472K->95084K(2080064K), 0.2096250 secs] [Times: user=0.30 sys=0.07, real=0.21 secs] 
2016-08-18T17:31:47.693+0000: [GC2016-08-18T17:31:47.693+0000: [ParNew: 1555776K->17088K(1555776K), 0.1026470 secs] 1633772K->111546K(2080064K), 0.1027260 secs] [Times: user=0.17 sys=0.01, real=0.10 secs] 
2016/08/18 17:31:57 - Text file input.0 - linenr 50000
2016-08-18T17:32:14.137+0000: [GC2016-08-18T17:32:14.137+0000: [ParNew: 1555776K->17088K(1555776K), 0.0964130 secs] 1650234K->120242K(2080064K), 0.0964940 secs] [Times: user=0.17 sys=0.01, real=0.10 secs] 
2016/08/18 17:32:21 - Voter Lookup/Update.0 - linenr 50000
2016-08-18T17:32:41.101+0000: [GC2016-08-18T17:32:41.101+0000: [ParNew: 1555776K->17088K(1555776K), 0.0707100 secs] 1658930K->128922K(2080064K), 0.0707800 secs] [Times: user=0.12 sys=0.00, real=0.07 secs] 
2016/08/18 17:32:59 - Text file input.0 - linenr 100000
2016-08-18T17:33:08.550+0000: [GC2016-08-18T17:33:08.550+0000: [ParNew: 1555776K->17088K(1555776K), 0.0752270 secs] 1667610K->137606K(2080064K), 0.0753220 secs] [Times: user=0.14 sys=0.01, real=0.08 secs] 
2016/08/18 17:33:24 - Voter Lookup/Update.0 - linenr 100000
2016-08-18T17:33:35.140+0000: [GC2016-08-18T17:33:35.140+0000: [ParNew: 1555776K->17088K(1555776K), 0.0744920 secs] 1676294K->146282K(2080064K), 0.0746080 secs] [Times: user=0.14 sys=0.00, real=0.08 secs] 
2016/08/18 17:34:00 - Text file input.0 - linenr 150000
2016-08-18T17:34:01.379+0000: [GC2016-08-18T17:34:01.379+0000: [ParNew: 1555776K->17088K(1555776K), 0.0790280 secs] 1684970K->154951K(2080064K), 0.0790980 secs] [Times: user=0.13 sys=0.02, real=0.08 secs] 
2016/08/18 17:34:24 - Voter Lookup/Update.0 - linenr 150000
2016-08-18T17:34:27.598+0000: [GC2016-08-18T17:34:27.598+0000: [ParNew: 1555776K->17088K(1555776K), 0.0703070 secs] 1693639K->163627K(2080064K), 0.0703750 secs] [Times: user=0.13 sys=0.01, real=0.07 secs] 
2016-08-18T17:34:54.912+0000: [GC2016-08-18T17:34:54.912+0000: [ParNew: 1555776K->17087K(1555776K), 0.0762360 secs] 1702315K->172304K(2080064K), 0.0763220 secs] [Times: user=0.13 sys=0.01, real=0.08 secs] 
2016/08/18 17:35:02 - Text file input.0 - linenr 200000
2016-08-18T17:35:24.234+0000: [GC2016-08-18T17:35:24.234+0000: [ParNew: 1555775K->17087K(1555776K), 0.0834110 secs] 1710992K->180980K(2080064K), 0.0834900 secs] [Times: user=0.14 sys=0.01, real=0.08 secs] 
2016/08/18 17:35:28 - Voter Lookup/Update.0 - linenr 200000
2016-08-18T17:35:51.521+0000: [GC2016-08-18T17:35:51.521+0000: [ParNew: 1555775K->17087K(1555776K), 0.1037470 secs] 1719668K->189683K(2080064K), 0.1038350 secs] [Times: user=0.19 sys=0.00, real=0.11 secs] 
2016/08/18 17:36:05 - Text file input.0 - linenr 250000
2016-08-18T17:36:18.418+0000: [GC2016-08-18T17:36:18.418+0000: [ParNew: 1555775K->17087K(1555776K), 0.0775920 secs] 1728371K->198410K(2080064K), 0.0776760 secs] [Times: user=0.15 sys=0.00, real=0.08 secs] 
2016/08/18 17:36:30 - Voter Lookup/Update.0 - linenr 250000
2016-08-18T17:36:46.027+0000: [GC2016-08-18T17:36:46.028+0000: [ParNew: 1555775K->17088K(1555776K), 0.0752500 secs] 1737098K->207112K(2080064K), 0.0753230 secs] [Times: user=0.13 sys=0.01, real=0.08 secs] 
2016/08/18 17:37:08 - Text file input.0 - linenr 300000
2016-08-18T17:37:13.826+0000: [GC2016-08-18T17:37:13.826+0000: [ParNew: 1555776K->17088K(1555776K), 0.0719710 secs] 1745800K->215804K(2080064K), 0.0720410 secs] [Times: user=0.13 sys=0.00, real=0.07 secs] 
2016/08/18 17:37:33 - Voter Lookup/Update.0 - linenr 300000
2016-08-18T17:37:40.971+0000: [GC2016-08-18T17:37:40.971+0000: [ParNew: 1555776K->17086K(1555776K), 0.0682800 secs] 1754492K->224486K(2080064K), 0.0683550 secs] [Times: user=0.13 sys=0.00, real=0.07 secs] 
2016-08-18T17:38:07.737+0000: [GC2016-08-18T17:38:07.737+0000: [ParNew: 1555774K->17088K(1555776K), 0.0691050 secs] 1763174K->233165K(2080064K), 0.0691750 secs] [Times: user=0.13 sys=0.00, real=0.07 secs] 
2016/08/18 17:38:10 - Text file input.0 - linenr 350000
2016-08-18T17:38:34.553+0000: [GC2016-08-18T17:38:34.553+0000: [ParNew: 1555776K->17086K(1555776K), 0.0644020 secs] 1771853K->241857K(2080064K), 0.0644810 secs] [Times: user=0.13 sys=0.00, real=0.06 secs] 
2016/08/18 17:38:34 - Voter Lookup/Update.0 - linenr 350000
2016-08-18T17:39:01.486+0000: [GC2016-08-18T17:39:01.486+0000: [ParNew: 1555774K->17088K(1555776K), 0.0687770 secs] 1780545K->250538K(2080064K), 0.0688570 secs] [Times: user=0.13 sys=0.00, real=0.07 secs] 
2016/08/18 17:39:11 - Text file input.0 - linenr 400000
2016-08-18T17:39:28.015+0000: [GC2016-08-18T17:39:28.015+0000: [ParNew: 1555776K->17087K(1555776K), 0.0679540 secs] 1789226K->259240K(2080064K), 0.0680240 secs] [Times: user=0.13 sys=0.00, real=0.07 secs] 
2016/08/18 17:39:36 - Voter Lookup/Update.0 - linenr 400000
2016-08-18T17:39:54.391+0000: [GC2016-08-18T17:39:54.391+0000: [ParNew: 1555775K->17088K(1555776K), 0.0721380 secs] 1797928K->267911K(2080064K), 0.0722240 secs] [Times: user=0.13 sys=0.00, real=0.08 secs] 
2016/08/18 17:40:12 - Text file input.0 - linenr 450000
2016-08-18T17:40:21.134+0000: [GC2016-08-18T17:40:21.134+0000: [ParNew: 1555776K->17088K(1555776K), 0.0819000 secs] 1806599K->276586K(2080064K), 0.0819760 secs] [Times: user=0.16 sys=0.00, real=0.08 secs] 
2016/08/18 17:40:36 - Voter Lookup/Update.0 - linenr 450000
2016-08-18T17:40:48.031+0000: [GC2016-08-18T17:40:48.031+0000: [ParNew: 1555776K->17088K(1555776K), 0.0759060 secs] 1815274K->285258K(2080064K), 0.0759820 secs] [Times: user=0.12 sys=0.01, real=0.08 secs] 
2016-08-18T17:40:48.108+0000: [GC [1 CMS-initial-mark: 268170K(524288K)] 316054K(2080064K), 0.0293990 secs] [Times: user=0.02 sys=0.01, real=0.03 secs] 
2016-08-18T17:40:48.312+0000: [CMS-concurrent-mark: 0.172/0.175 secs] [Times: user=0.24 sys=0.01, real=0.17 secs] 
2016-08-18T17:40:48.314+0000: [CMS-concurrent-preclean: 0.002/0.002 secs] [Times: user=0.00 sys=0.00, real=0.01 secs] 
 CMS: abort preclean due to time 2016-08-18T17:40:53.492+0000: [CMS-concurrent-abortable-preclean: 3.676/5.177 secs] [Times: user=5.64 sys=0.28, real=5.17 secs] 
2016-08-18T17:40:53.492+0000: [GC[YG occupancy: 325108 K (1555776 K)]2016-08-18T17:40:53.492+0000: [Rescan (parallel) , 0.1859830 secs]2016-08-18T17:40:53.678+0000: [weak refs processing, 0.0124410 secs]2016-08-18T17:40:53.691+0000: [scrub string table, 0.0010520 secs] [1 CMS-remark: 268170K(524288K)] 593279K(2080064K), 0.2005300 secs] [Times: user=0.38 sys=0.00, real=0.21 secs] 
2016-08-18T17:40:54.111+0000: [CMS-concurrent-sweep: 0.380/0.416 secs] [Times: user=0.57 sys=0.00, real=0.41 secs] 
2016-08-18T17:40:54.125+0000: [CMS-concurrent-reset: 0.014/0.014 secs] [Times: user=0.01 sys=0.02, real=0.02 secs] 
2016/08/18 17:41:14 - Text file input.0 - linenr 500000
2016-08-18T17:41:15.458+0000: [GC2016-08-18T17:41:15.458+0000: [ParNew: 1555776K->17088K(1555776K), 0.0629230 secs] 1633784K->103782K(2080064K), 0.0630090 secs] [Times: user=0.13 sys=0.00, real=0.06 secs] 
2016/08/18 17:41:38 - Voter Lookup/Update.0 - linenr 500000
2016-08-18T17:41:42.240+0000: [GC2016-08-18T17:41:42.240+0000: [ParNew: 1555776K->17087K(1555776K), 0.0759940 secs] 1642470K->112471K(2080064K), 0.0760790 secs] [Times: user=0.15 sys=0.00, real=0.08 secs] 
2016-08-18T17:42:08.751+0000: [GC2016-08-18T17:42:08.751+0000: [ParNew: 1555775K->17088K(1555776K), 0.0876410 secs] 1651159K->121160K(2080064K), 0.0878600 secs] [Times: user=0.14 sys=0.00, real=0.09 secs] 
2016/08/18 17:42:15 - Text file input.0 - linenr 550000
2016-08-18T17:42:35.517+0000: [GC2016-08-18T17:42:35.517+0000: [ParNew: 1555776K->17088K(1555776K), 0.0854840 secs] 1659848K->129839K(2080064K), 0.0855780 secs] [Times: user=0.17 sys=0.00, real=0.08 secs] 
2016/08/18 17:42:39 - Voter Lookup/Update.0 - linenr 550000
2016-08-18T17:43:02.337+0000: [GC2016-08-18T17:43:02.337+0000: [ParNew: 1555776K->17087K(1555776K), 0.0596530 secs] 1668527K->138518K(2080064K), 0.0597430 secs] [Times: user=0.12 sys=0.00, real=0.06 secs] 
2016/08/18 17:43:15 - Text file input.0 - linenr 600000
2016-08-18T17:43:28.899+0000: [GC2016-08-18T17:43:28.899+0000: [ParNew: 1555775K->17088K(1555776K), 0.0721480 secs] 1677206K->147188K(2080064K), 0.0722230 secs] [Times: user=0.14 sys=0.00, real=0.07 secs] 
2016/08/18 17:43:40 - Voter Lookup/Update.0 - linenr 600000
2016-08-18T17:43:55.725+0000: [GC2016-08-18T17:43:55.725+0000: [ParNew: 1555776K->17087K(1555776K), 0.0875040 secs] 1685876K->155880K(2080064K), 0.0876110 secs] [Times: user=0.17 sys=0.00, real=0.08 secs] 
2016/08/18 17:44:16 - Text file input.0 - linenr 650000
2016-08-18T17:44:22.598+0000: [GC2016-08-18T17:44:22.598+0000: [ParNew: 1555775K->17087K(1555776K), 0.0661990 secs] 1694568K->164562K(2080064K), 0.0662690 secs] [Times: user=0.14 sys=0.00, real=0.07 secs] 
2016/08/18 17:44:41 - Voter Lookup/Update.0 - linenr 650000
2016-08-18T17:44:49.028+0000: [GC2016-08-18T17:44:49.028+0000: [ParNew: 1555775K->17088K(1555776K), 0.0661210 secs] 1703250K->173242K(2080064K), 0.0661940 secs] [Times: user=0.14 sys=0.00, real=0.07 secs] 
2016-08-18T17:45:15.113+0000: [GC2016-08-18T17:45:15.113+0000: [ParNew: 1555776K->17088K(1555776K), 0.0689520 secs] 1711930K->181922K(2080064K), 0.0690320 secs] [Times: user=0.14 sys=0.00, real=0.06 secs] 
2016/08/18 17:45:17 - Text file input.0 - linenr 700000
2016/08/18 17:45:41 - Voter Lookup/Update.0 - linenr 700000
2016-08-18T17:45:41.769+0000: [GC2016-08-18T17:45:41.769+0000: [ParNew: 1555776K->17086K(1555776K), 0.0670300 secs] 1720610K->190599K(2080064K), 0.0672220 secs] [Times: user=0.13 sys=0.00, real=0.07 secs] 
2016-08-18T17:46:08.158+0000: [GC2016-08-18T17:46:08.158+0000: [ParNew: 1555774K->17088K(1555776K), 0.0590130 secs] 1729287K->199281K(2080064K), 0.0590940 secs] [Times: user=0.12 sys=0.00, real=0.06 secs] 
2016/08/18 17:46:17 - Text file input.0 - linenr 750000
2016-08-18T17:46:36.453+0000: [GC2016-08-18T17:46:36.453+0000: [ParNew: 1555776K->17086K(1555776K), 0.0653800 secs] 1737969K->207962K(2080064K), 0.0654640 secs] [Times: user=0.13 sys=0.00, real=0.06 secs] 
2016/08/18 17:46:44 - Voter Lookup/Update.0 - linenr 750000
2016-08-18T17:47:03.082+0000: [GC2016-08-18T17:47:03.082+0000: [ParNew: 1555774K->17088K(1555776K), 0.0670530 secs] 1746650K->216634K(2080064K), 0.0671230 secs] [Times: user=0.14 sys=0.00, real=0.07 secs] 
2016/08/18 17:47:20 - Text file input.0 - linenr 800000
2016-08-18T17:47:30.271+0000: [GC2016-08-18T17:47:30.271+0000: [ParNew: 1555776K->17087K(1555776K), 0.0687950 secs] 1755322K->225339K(2080064K), 0.0688790 secs] [Times: user=0.14 sys=0.00, real=0.07 secs] 
2016/08/18 17:47:45 - Voter Lookup/Update.0 - linenr 800000
2016-08-18T17:47:57.359+0000: [GC2016-08-18T17:47:57.359+0000: [ParNew: 1555775K->17087K(1555776K), 0.0705720 secs] 1764027K->234015K(2080064K), 0.0706440 secs] [Times: user=0.15 sys=0.00, real=0.07 secs] 
2016/08/18 17:48:22 - Text file input.0 - linenr 850000
2016-08-18T17:48:24.225+0000: [GC2016-08-18T17:48:24.225+0000: [ParNew: 1555775K->17086K(1555776K), 0.0748460 secs] 1772703K->242697K(2080064K), 0.0749230 secs] [Times: user=0.15 sys=0.00, real=0.07 secs] 
2016/08/18 17:48:46 - Voter Lookup/Update.0 - linenr 850000
2016-08-18T17:48:50.469+0000: [GC2016-08-18T17:48:50.469+0000: [ParNew: 1555774K->17088K(1555776K), 0.0597270 secs] 1781385K->251365K(2080064K), 0.0597990 secs] [Times: user=0.12 sys=0.00, real=0.06 secs] 
2016-08-18T17:49:17.549+0000: [GC2016-08-18T17:49:17.549+0000: [ParNew: 1555776K->17087K(1555776K), 0.0784020 secs] 1790053K->260054K(2080064K), 0.0785310 secs] [Times: user=0.15 sys=0.00, real=0.08 secs] 
2016/08/18 17:49:22 - Text file input.0 - linenr 900000
2016-08-18T17:49:44.549+0000: [GC2016-08-18T17:49:44.549+0000: [ParNew: 1555775K->17088K(1555776K), 0.0956820 secs] 1798742K->268733K(2080064K), 0.0957660 secs] [Times: user=0.19 sys=0.00, real=0.10 secs] 
2016/08/18 17:49:47 - Voter Lookup/Update.0 - linenr 900000
2016-08-18T17:50:11.931+0000: [GC2016-08-18T17:50:11.931+0000: [ParNew: 1555776K->17088K(1555776K), 0.0877480 secs] 1807421K->277417K(2080064K), 0.0878310 secs] [Times: user=0.18 sys=0.00, real=0.09 secs] 
2016/08/18 17:50:25 - Text file input.0 - linenr 950000
2016-08-18T17:50:38.652+0000: [GC2016-08-18T17:50:38.652+0000: [ParNew: 1555776K->17087K(1555776K), 0.0747370 secs] 1816105K->286117K(2080064K), 0.0749630 secs] [Times: user=0.14 sys=0.00, real=0.08 secs] 
2016/08/18 17:50:50 - Voter Lookup/Update.0 - linenr 950000
2016-08-18T17:51:05.850+0000: [GC2016-08-18T17:51:05.850+0000: [ParNew: 1555775K->17088K(1555776K), 0.0763920 secs] 1824805K->294815K(2080064K), 0.0764650 secs] [Times: user=0.13 sys=0.01, real=0.08 secs] 
2016/08/18 17:51:27 - Text file input.0 - linenr 1000000
2016-08-18T17:51:33.564+0000: [GC2016-08-18T17:51:33.564+0000: [ParNew: 1555776K->17088K(1555776K), 0.0711810 secs] 1833503K->303509K(2080064K), 0.0712600 secs] [Times: user=0.12 sys=0.01, real=0.07 secs] 
2016/08/18 17:51:53 - Voter Lookup/Update.0 - linenr 1000000
2016-08-18T17:52:00.782+0000: [GC2016-08-18T17:52:00.782+0000: [ParNew: 1555776K->17087K(1555776K), 0.0686610 secs] 1842197K->312179K(2080064K), 0.0687300 secs] [Times: user=0.13 sys=0.00, real=0.07 secs] 
2016-08-18T17:52:27.871+0000: [GC2016-08-18T17:52:27.871+0000: [ParNew: 1555775K->17087K(1555776K), 0.0875580 secs] 1850867K->320850K(2080064K), 0.0876610 secs] [Times: user=0.15 sys=0.01, real=0.09 secs] 
2016/08/18 17:52:30 - Text file input.0 - linenr 1050000
2016-08-18T17:52:55.738+0000: [GC2016-08-18T17:52:55.738+0000: [ParNew: 1555775K->17087K(1555776K), 0.0862080 secs] 1859538K->329607K(2080064K), 0.0862800 secs] [Times: user=0.16 sys=0.00, real=0.09 secs] 
2016/08/18 17:52:55 - Voter Lookup/Update.0 - linenr 1050000
2016-08-18T17:53:23.246+0000: [GC2016-08-18T17:53:23.246+0000: [ParNew: 1555775K->17087K(1555776K), 0.0837980 secs] 1868295K->338339K(2080064K), 0.0838790 secs] [Times: user=0.16 sys=0.00, real=0.08 secs] 
2016/08/18 17:53:33 - Text file input.0 - linenr 1100000
2016-08-18T17:53:51.015+0000: [GC2016-08-18T17:53:51.015+0000: [ParNew: 1555775K->17087K(1555776K), 0.0754760 secs] 1877027K->347013K(2080064K), 0.0755490 secs] [Times: user=0.14 sys=0.00, real=0.07 secs] 
2016/08/18 17:53:59 - Voter Lookup/Update.0 - linenr 1100000
2016-08-18T17:54:18.912+0000: [GC2016-08-18T17:54:18.912+0000: [ParNew: 1555775K->17087K(1555776K), 0.0753210 secs] 1885701K->355691K(2080064K), 0.0754030 secs] [Times: user=0.14 sys=0.01, real=0.08 secs] 
2016/08/18 17:54:37 - Text file input.0 - linenr 1150000
2016-08-18T17:54:46.088+0000: [GC2016-08-18T17:54:46.088+0000: [ParNew: 1555775K->17086K(1555776K), 0.0702870 secs] 1894379K->364373K(2080064K), 0.0703560 secs] [Times: user=0.12 sys=0.00, real=0.07 secs] 
2016/08/18 17:55:02 - Voter Lookup/Update.0 - linenr 1150000
2016-08-18T17:55:14.178+0000: [GC2016-08-18T17:55:14.178+0000: [ParNew: 1555774K->17086K(1555776K), 0.0711240 secs] 1903061K->373069K(2080064K), 0.0712050 secs] [Times: user=0.13 sys=0.00, real=0.07 secs] 
2016/08/18 17:55:40 - Text file input.0 - linenr 1200000
2016-08-18T17:55:41.740+0000: [GC2016-08-18T17:55:41.740+0000: [ParNew: 1555774K->17088K(1555776K), 0.0924970 secs] 1911757K->381758K(2080064K), 0.0926140 secs] [Times: user=0.17 sys=0.00, real=0.10 secs] 
2016/08/18 17:56:06 - Voter Lookup/Update.0 - linenr 1200000
2016-08-18T17:56:09.861+0000: [GC2016-08-18T17:56:09.861+0000: [ParNew: 1555776K->17087K(1555776K), 0.0767950 secs] 1920446K->390435K(2080064K), 0.0768840 secs] [Times: user=0.14 sys=0.01, real=0.08 secs] 
2016-08-18T17:56:37.310+0000: [GC2016-08-18T17:56:37.311+0000: [ParNew: 1555775K->17086K(1555776K), 0.0913130 secs] 1929123K->399120K(2080064K), 0.0915320 secs] [Times: user=0.17 sys=0.01, real=0.09 secs] 
2016/08/18 17:56:45 - Text file input.0 - linenr 1250000
2016-08-18T17:57:05.790+0000: [GC2016-08-18T17:57:05.790+0000: [ParNew: 1555774K->17088K(1555776K), 0.0716620 secs] 1937808K->407809K(2080064K), 0.0717330 secs] [Times: user=0.12 sys=0.00, real=0.07 secs] 
2016/08/18 17:57:10 - Voter Lookup/Update.0 - linenr 1250000
2016-08-18T17:57:34.202+0000: [GC2016-08-18T17:57:34.202+0000: [ParNew: 1555776K->17088K(1555776K), 0.0898170 secs] 1946497K->416483K(2080064K), 0.0899780 secs] [Times: user=0.16 sys=0.01, real=0.09 secs] 
2016/08/18 17:57:52 - Text file input.0 - linenr 1300000
2016-08-18T17:58:05.038+0000: [GC2016-08-18T17:58:05.038+0000: [ParNew: 1555776K->17088K(1555776K), 0.0917820 secs] 1955171K->425170K(2080064K), 0.0918790 secs] [Times: user=0.17 sys=0.00, real=0.09 secs] 
2016/08/18 17:58:18 - Voter Lookup/Update.0 - linenr 1300000
2016-08-18T17:58:33.814+0000: [GC2016-08-18T17:58:33.814+0000: [ParNew: 1555776K->17088K(1555776K), 0.0728620 secs] 1963858K->433857K(2080064K), 0.0729530 secs] [Times: user=0.13 sys=0.00, real=0.07 secs] 
2016/08/18 17:58:58 - Text file input.0 - linenr 1350000
2016-08-18T17:59:04.879+0000: [GC2016-08-18T17:59:04.879+0000: [ParNew: 1555776K->17088K(1555776K), 0.0982000 secs] 1972545K->442539K(2080064K), 0.0982840 secs] [Times: user=0.18 sys=0.01, real=0.10 secs] 
2016/08/18 17:59:29 - Voter Lookup/Update.0 - linenr 1350000
2016-08-18T17:59:36.477+0000: [GC2016-08-18T17:59:36.477+0000: [ParNew: 1555776K->17088K(1555776K), 0.0812830 secs] 1981227K->451227K(2080064K), 0.0813610 secs] [Times: user=0.15 sys=0.01, real=0.08 secs] 
2016-08-18T18:00:04.888+0000: [GC2016-08-18T18:00:04.888+0000: [ParNew: 1555776K->17088K(1555776K), 0.0844390 secs] 1989915K->459910K(2080064K), 0.0845150 secs] [Times: user=0.15 sys=0.00, real=0.09 secs] 
2016/08/18 18:00:09 - Text file input.0 - linenr 1400000
2016-08-18T18:00:34.597+0000: [GC2016-08-18T18:00:34.597+0000: [ParNew: 1555776K->17088K(1555776K), 0.0819210 secs] 1998598K->468598K(2080064K), 0.0820670 secs] [Times: user=0.15 sys=0.01, real=0.08 secs] 
2016/08/18 18:00:35 - Voter Lookup/Update.0 - linenr 1400000
2016-08-18T18:01:03.417+0000: [GC2016-08-18T18:01:03.417+0000: [ParNew: 1555776K->17088K(1555776K), 0.0725270 secs] 2007286K->477269K(2080064K), 0.0726030 secs] [Times: user=0.14 sys=0.00, real=0.07 secs] 
2016/08/18 18:01:15 - Text file input.0 - linenr 1450000
2016-08-18T18:01:32.719+0000: [GC2016-08-18T18:01:32.719+0000: [ParNew: 1555776K->17088K(1555776K), 0.0690490 secs] 2015957K->485943K(2080064K), 0.0691210 secs] [Times: user=0.12 sys=0.00, real=0.07 secs] 
2016/08/18 18:01:42 - Voter Lookup/Update.0 - linenr 1450000
2016-08-18T18:02:02.278+0000: [GC2016-08-18T18:02:02.278+0000: [ParNew: 1555776K->17088K(1555776K), 0.0728420 secs] 2024631K->494635K(2080064K), 0.0729340 secs] [Times: user=0.13 sys=0.00, real=0.07 secs] 
2016/08/18 18:02:22 - Text file input.0 - linenr 1500000
2016-08-18T18:02:31.021+0000: [GC2016-08-18T18:02:31.021+0000: [ParNew: 1555776K->17088K(1555776K), 0.0809390 secs] 2033323K->503319K(2080064K), 0.0810120 secs] [Times: user=0.14 sys=0.01, real=0.08 secs] 
2016-08-18T18:02:31.103+0000: [GC [1 CMS-initial-mark: 486231K(524288K)] 534117K(2080064K), 0.0193500 secs] [Times: user=0.02 sys=0.00, real=0.01 secs] 
2016-08-18T18:02:31.289+0000: [CMS-concurrent-mark: 0.166/0.166 secs] [Times: user=0.25 sys=0.00, real=0.17 secs] 
2016-08-18T18:02:31.290+0000: [CMS-concurrent-preclean: 0.001/0.002 secs] [Times: user=0.00 sys=0.00, real=0.00 secs] 
 CMS: abort preclean due to time 2016-08-18T18:02:36.491+0000: [CMS-concurrent-abortable-preclean: 3.699/5.201 secs] [Times: user=5.48 sys=0.22, real=5.20 secs] 
2016-08-18T18:02:36.492+0000: [GC[YG occupancy: 294308 K (1555776 K)]2016-08-18T18:02:36.492+0000: [Rescan (parallel) , 0.1663610 secs]2016-08-18T18:02:36.658+0000: [weak refs processing, 0.0006620 secs]2016-08-18T18:02:36.659+0000: [scrub string table, 0.0007450 secs] [1 CMS-remark: 486231K(524288K)] 780540K(2080064K), 0.1679280 secs] [Times: user=0.35 sys=0.00, real=0.17 secs] 
2016-08-18T18:02:37.391+0000: [CMS-concurrent-sweep: 0.729/0.729 secs] [Times: user=1.01 sys=0.02, real=0.73 secs] 
2016-08-18T18:02:37.394+0000: [CMS-concurrent-reset: 0.003/0.003 secs] [Times: user=0.01 sys=0.00, real=0.01 secs] 
2016/08/18 18:02:49 - Voter Lookup/Update.0 - linenr 1500000
2016-08-18T18:02:59.913+0000: [GC2016-08-18T18:02:59.913+0000: [ParNew: 1555776K->17087K(1555776K), 0.0609220 secs] 1600192K->70175K(2080064K), 0.0609940 secs] [Times: user=0.13 sys=0.00, real=0.06 secs] 
2016/08/18 18:03:29 - Text file input.0 - linenr 1550000
2016-08-18T18:03:29.485+0000: [GC2016-08-18T18:03:29.485+0000: [ParNew: 1555775K->17087K(1555776K), 0.0704580 secs] 1608863K->78865K(2080064K), 0.0705380 secs] [Times: user=0.14 sys=0.00, real=0.07 secs] 
2016/08/18 18:03:56 - Voter Lookup/Update.0 - linenr 1550000
2016-08-18T18:03:58.873+0000: [GC2016-08-18T18:03:58.873+0000: [ParNew: 1555775K->17087K(1555776K), 0.0693320 secs] 1617553K->87542K(2080064K), 0.0694080 secs] [Times: user=0.14 sys=0.00, real=0.06 secs] 
2016-08-18T18:04:28.965+0000: [GC2016-08-18T18:04:28.965+0000: [ParNew: 1555775K->17087K(1555776K), 0.0672370 secs] 1626230K->96236K(2080064K), 0.0673330 secs] [Times: user=0.14 sys=0.00, real=0.06 secs] 
2016/08/18 18:04:37 - Text file input.0 - linenr 1600000
2016-08-18T18:04:58.612+0000: [GC2016-08-18T18:04:58.612+0000: [ParNew: 1555775K->17086K(1555776K), 0.0749450 secs] 1634924K->104927K(2080064K), 0.0750420 secs] [Times: user=0.15 sys=0.00, real=0.08 secs] 
2016/08/18 18:05:05 - Voter Lookup/Update.0 - linenr 1600000
2016-08-18T18:05:28.353+0000: [GC2016-08-18T18:05:28.353+0000: [ParNew: 1555774K->17087K(1555776K), 0.0802600 secs] 1643615K->113598K(2080064K), 0.0803550 secs] [Times: user=0.16 sys=0.00, real=0.08 secs] 
2016/08/18 18:05:44 - Text file input.0 - linenr 1650000
2016-08-18T18:05:57.811+0000: [GC2016-08-18T18:05:57.811+0000: [ParNew: 1555775K->17086K(1555776K), 0.0719240 secs] 1652286K->122267K(2080064K), 0.0720360 secs] [Times: user=0.15 sys=0.00, real=0.08 secs] 
2016/08/18 18:06:11 - Voter Lookup/Update.0 - linenr 1650000
2016-08-18T18:06:27.991+0000: [GC2016-08-18T18:06:27.991+0000: [ParNew: 1555774K->17088K(1555776K), 0.0740380 secs] 1660955K->130959K(2080064K), 0.0741190 secs] [Times: user=0.15 sys=0.00, real=0.08 secs] 
2016/08/18 18:06:52 - Text file input.0 - linenr 1700000
2016-08-18T18:06:57.559+0000: [GC2016-08-18T18:06:57.559+0000: [ParNew: 1555776K->17087K(1555776K), 0.0575410 secs] 1669647K->139633K(2080064K), 0.0576110 secs] [Times: user=0.12 sys=0.00, real=0.06 secs] 
2016/08/18 18:07:19 - Voter Lookup/Update.0 - linenr 1700000
2016-08-18T18:07:26.691+0000: [GC2016-08-18T18:07:26.691+0000: [ParNew: 1555775K->17088K(1555776K), 0.0700280 secs] 1678321K->148319K(2080064K), 0.0701080 secs] [Times: user=0.14 sys=0.00, real=0.07 secs] 
2016-08-18T18:07:56.038+0000: [GC2016-08-18T18:07:56.038+0000: [ParNew: 1555776K->17088K(1555776K), 0.0736260 secs] 1687007K->157009K(2080064K), 0.0736980 secs] [Times: user=0.14 sys=0.00, real=0.07 secs] 
2016/08/18 18:07:59 - Text file input.0 - linenr 1750000
2016-08-18T18:08:25.290+0000: [GC2016-08-18T18:08:25.290+0000: [ParNew: 1555776K->17088K(1555776K), 0.0611980 secs] 1695697K->165701K(2080064K), 0.0612870 secs] [Times: user=0.12 sys=0.00, real=0.06 secs] 
2016/08/18 18:08:27 - Voter Lookup/Update.0 - linenr 1750000
2016-08-18T18:08:54.118+0000: [GC2016-08-18T18:08:54.118+0000: [ParNew: 1555776K->17088K(1555776K), 0.0601600 secs] 1704389K->174380K(2080064K), 0.0602610 secs] [Times: user=0.13 sys=0.00, real=0.06 secs] 
2016/08/18 18:09:06 - Text file input.0 - linenr 1800000
2016-08-18T18:09:23.061+0000: [GC2016-08-18T18:09:23.061+0000: [ParNew: 1555776K->17088K(1555776K), 0.0903250 secs] 1713068K->183078K(2080064K), 0.0904220 secs] [Times: user=0.19 sys=0.00, real=0.09 secs] 
2016/08/18 18:09:33 - Voter Lookup/Update.0 - linenr 1800000
2016-08-18T18:09:53.172+0000: [GC2016-08-18T18:09:53.172+0000: [ParNew: 1555776K->17088K(1555776K), 0.0692170 secs] 1721766K->191773K(2080064K), 0.0693040 secs] [Times: user=0.14 sys=0.00, real=0.07 secs] 
2016/08/18 18:10:14 - Text file input.0 - linenr 1850000
2016-08-18T18:10:23.121+0000: [GC2016-08-18T18:10:23.121+0000: [ParNew: 1555776K->17087K(1555776K), 0.0760710 secs] 1730461K->200441K(2080064K), 0.0761590 secs] [Times: user=0.15 sys=0.00, real=0.08 secs] 
2016/08/18 18:10:41 - Voter Lookup/Update.0 - linenr 1850000
2016-08-18T18:10:53.132+0000: [GC2016-08-18T18:10:53.132+0000: [ParNew: 1555775K->17087K(1555776K), 0.0914000 secs] 1739129K->209118K(2080064K), 0.0914960 secs] [Times: user=0.19 sys=0.00, real=0.10 secs] 
2016-08-18T18:11:23.094+0000: [GC2016-08-18T18:11:23.094+0000: [ParNew: 1555775K->17088K(1555776K), 0.0605220 secs] 1747806K->217802K(2080064K), 0.0605960 secs] [Times: user=0.12 sys=0.00, real=0.06 secs] 
2016/08/18 18:11:23 - Text file input.0 - linenr 1900000
2016/08/18 18:11:50 - Voter Lookup/Update.0 - linenr 1900000
2016-08-18T18:11:52.317+0000: [GC2016-08-18T18:11:52.317+0000: [ParNew: 1555776K->17088K(1555776K), 0.0684820 secs] 1756490K->226475K(2080064K), 0.0685520 secs] [Times: user=0.14 sys=0.00, real=0.07 secs] 
2016-08-18T18:12:23.269+0000: [GC2016-08-18T18:12:23.269+0000: [ParNew: 1555776K->17088K(1555776K), 0.0675860 secs] 1765163K->235166K(2080064K), 0.0676550 secs] [Times: user=0.14 sys=0.00, real=0.07 secs] 
2016/08/18 18:12:31 - Text file input.0 - linenr 1950000
2016-08-18T18:12:54.343+0000: [GC2016-08-18T18:12:54.343+0000: [ParNew: 1555776K->17087K(1555776K), 0.0794170 secs] 1773854K->243855K(2080064K), 0.0795000 secs] [Times: user=0.16 sys=0.00, real=0.08 secs] 
2016/08/18 18:13:00 - Voter Lookup/Update.0 - linenr 1950000
2016-08-18T18:13:24.381+0000: [GC2016-08-18T18:13:24.381+0000: [ParNew: 1555775K->17087K(1555776K), 0.0620150 secs] 1782543K->252534K(2080064K), 0.0620920 secs] [Times: user=0.12 sys=0.00, real=0.06 secs] 
2016/08/18 18:13:42 - Text file input.0 - linenr 2000000
2016-08-18T18:13:55.599+0000: [GC2016-08-18T18:13:55.599+0000: [ParNew: 1555775K->17087K(1555776K), 0.0687410 secs] 1791222K->261233K(2080064K), 0.0689260 secs] [Times: user=0.14 sys=0.00, real=0.07 secs] 
2016/08/18 18:14:11 - Voter Lookup/Update.0 - linenr 2000000
2016-08-18T18:14:26.844+0000: [GC2016-08-18T18:14:26.844+0000: [ParNew: 1555775K->17088K(1555776K), 0.0805820 secs] 1799921K->269922K(2080064K), 0.0806810 secs] [Times: user=0.15 sys=0.00, real=0.08 secs] 
2016/08/18 18:14:54 - Text file input.0 - linenr 2050000
2016-08-18T18:14:58.287+0000: [GC2016-08-18T18:14:58.287+0000: [ParNew: 1555776K->17087K(1555776K), 0.0716310 secs] 1808610K->278606K(2080064K), 0.0716970 secs] [Times: user=0.14 sys=0.00, real=0.07 secs] 
2016/08/18 18:15:23 - Voter Lookup/Update.0 - linenr 2050000
2016-08-18T18:15:29.025+0000: [GC2016-08-18T18:15:29.025+0000: [ParNew: 1555775K->17088K(1555776K), 0.0638410 secs] 1817294K->287284K(2080064K), 0.0639090 secs] [Times: user=0.13 sys=0.00, real=0.06 secs] 
2016-08-18T18:15:59.759+0000: [GC2016-08-18T18:15:59.759+0000: [ParNew: 1555776K->17088K(1555776K), 0.0725080 secs] 1825972K->295975K(2080064K), 0.0725830 secs] [Times: user=0.15 sys=0.00, real=0.07 secs] 
2016/08/18 18:16:05 - Text file input.0 - linenr 2100000
2016-08-18T18:16:30.071+0000: [GC2016-08-18T18:16:30.071+0000: [ParNew: 1555776K->17088K(1555776K), 0.0707950 secs] 1834663K->304677K(2080064K), 0.0708820 secs] [Times: user=0.15 sys=0.00, real=0.07 secs] 
2016/08/18 18:16:33 - Voter Lookup/Update.0 - linenr 2100000
2016-08-18T18:17:01.049+0000: [GC2016-08-18T18:17:01.049+0000: [ParNew: 1555776K->17088K(1555776K), 0.0643270 secs] 1843365K->313365K(2080064K), 0.0643970 secs] [Times: user=0.13 sys=0.00, real=0.07 secs] 
2016/08/18 18:17:15 - Text file input.0 - linenr 2150000
2016-08-18T18:17:31.488+0000: [GC2016-08-18T18:17:31.488+0000: [ParNew: 1555776K->17087K(1555776K), 0.0741400 secs] 1852053K->322021K(2080064K), 0.0742150 secs] [Times: user=0.15 sys=0.00, real=0.07 secs] 
2016/08/18 18:17:43 - Voter Lookup/Update.0 - linenr 2150000
2016-08-18T18:18:02.282+0000: [GC2016-08-18T18:18:02.282+0000: [ParNew: 1555775K->17087K(1555776K), 0.0770990 secs] 1860709K->330706K(2080064K), 0.0771870 secs] [Times: user=0.16 sys=0.00, real=0.08 secs] 
2016/08/18 18:18:25 - Text file input.0 - linenr 2200000
2016-08-18T18:18:32.103+0000: [GC2016-08-18T18:18:32.103+0000: [ParNew: 1555775K->17087K(1555776K), 0.0624140 secs] 1869394K->339384K(2080064K), 0.0624830 secs] [Times: user=0.13 sys=0.00, real=0.07 secs] 
2016/08/18 18:18:52 - Voter Lookup/Update.0 - linenr 2200000
2016-08-18T18:19:02.580+0000: [GC2016-08-18T18:19:02.580+0000: [ParNew: 1555775K->17088K(1555776K), 0.0793640 secs] 1878072K->348048K(2080064K), 0.0794510 secs] [Times: user=0.16 sys=0.00, real=0.08 secs] 
2016-08-18T18:19:33.666+0000: [GC2016-08-18T18:19:33.666+0000: [ParNew: 1555776K->17088K(1555776K), 0.0654770 secs] 1886736K->356716K(2080064K), 0.0655520 secs] [Times: user=0.13 sys=0.00, real=0.06 secs] 
2016/08/18 18:19:34 - Text file input.0 - linenr 2250000
2016/08/18 18:20:01 - Voter Lookup/Update.0 - linenr 2250000
2016-08-18T18:20:03.752+0000: [GC2016-08-18T18:20:03.752+0000: [ParNew: 1555776K->17088K(1555776K), 0.0762390 secs] 1895404K->365399K(2080064K), 0.0763250 secs] [Times: user=0.15 sys=0.00, real=0.08 secs] 
2016-08-18T18:20:34.745+0000: [GC2016-08-18T18:20:34.745+0000: [ParNew: 1555776K->17088K(1555776K), 0.0778200 secs] 1904087K->374084K(2080064K), 0.0779650 secs] [Times: user=0.16 sys=0.00, real=0.08 secs] 
2016/08/18 18:20:45 - Text file input.0 - linenr 2300000
2016-08-18T18:21:05.399+0000: [GC2016-08-18T18:21:05.399+0000: [ParNew: 1555776K->17088K(1555776K), 0.0799070 secs] 1912772K->382780K(2080064K), 0.0799840 secs] [Times: user=0.17 sys=0.00, real=0.08 secs] 
2016/08/18 18:21:13 - Voter Lookup/Update.0 - linenr 2300000
2016-08-18T18:21:36.436+0000: [GC2016-08-18T18:21:36.436+0000: [ParNew: 1555776K->17088K(1555776K), 0.0690860 secs] 1921468K->391450K(2080064K), 0.0691620 secs] [Times: user=0.14 sys=0.00, real=0.07 secs] 
2016/08/18 18:21:56 - Text file input.0 - linenr 2350000
2016-08-18T18:22:07.912+0000: [GC2016-08-18T18:22:07.912+0000: [ParNew: 1555776K->17088K(1555776K), 0.0747460 secs] 1930138K->400129K(2080064K), 0.0748180 secs] [Times: user=0.15 sys=0.00, real=0.08 secs] 
2016/08/18 18:22:24 - Voter Lookup/Update.0 - linenr 2350000
2016-08-18T18:22:38.417+0000: [GC2016-08-18T18:22:38.417+0000: [ParNew: 1555776K->17088K(1555776K), 0.0806270 secs] 1938817K->408813K(2080064K), 0.0807030 secs] [Times: user=0.16 sys=0.00, real=0.08 secs] 
2016/08/18 18:23:07 - Text file input.0 - linenr 2400000
2016-08-18T18:23:09.945+0000: [GC2016-08-18T18:23:09.945+0000: [ParNew: 1555776K->17087K(1555776K), 0.0813330 secs] 1947501K->417493K(2080064K), 0.0814110 secs] [Times: user=0.16 sys=0.00, real=0.08 secs] 
2016/08/18 18:23:35 - Voter Lookup/Update.0 - linenr 2400000
2016-08-18T18:23:40.858+0000: [GC2016-08-18T18:23:40.858+0000: [ParNew: 1555775K->17088K(1555776K), 0.0650490 secs] 1956181K->426173K(2080064K), 0.0651710 secs] [Times: user=0.13 sys=0.00, real=0.07 secs] 
2016-08-18T18:24:11.330+0000: [GC2016-08-18T18:24:11.330+0000: [ParNew: 1555776K->17088K(1555776K), 0.0768840 secs] 1964861K->434864K(2080064K), 0.0769610 secs] [Times: user=0.15 sys=0.00, real=0.08 secs] 
2016/08/18 18:24:17 - Text file input.0 - linenr 2450000
2016-08-18T18:24:42.087+0000: [GC2016-08-18T18:24:42.087+0000: [ParNew: 1555776K->17088K(1555776K), 0.0738520 secs] 1973552K->443559K(2080064K), 0.0739200 secs] [Times: user=0.15 sys=0.00, real=0.07 secs] 
2016/08/18 18:24:46 - Voter Lookup/Update.0 - linenr 2450000
2016-08-18T18:25:13.537+0000: [GC2016-08-18T18:25:13.537+0000: [ParNew: 1555776K->17087K(1555776K), 0.0630390 secs] 1982247K->452252K(2080064K), 0.0631120 secs] [Times: user=0.12 sys=0.00, real=0.06 secs] 
2016/08/18 18:25:28 - Text file input.0 - linenr 2500000
2016-08-18T18:25:43.946+0000: [GC2016-08-18T18:25:43.946+0000: [ParNew: 1555775K->17087K(1555776K), 0.0648980 secs] 1990940K->460920K(2080064K), 0.0649630 secs] [Times: user=0.13 sys=0.00, real=0.06 secs] 
2016/08/18 18:25:56 - Voter Lookup/Update.0 - linenr 2500000
2016-08-18T18:26:14.063+0000: [GC2016-08-18T18:26:14.063+0000: [ParNew: 1555775K->17088K(1555776K), 0.0653210 secs] 1999608K->469598K(2080064K), 0.0654070 secs] [Times: user=0.13 sys=0.00, real=0.06 secs] 
2016/08/18 18:26:38 - Text file input.0 - linenr 2550000
2016-08-18T18:26:45.614+0000: [GC2016-08-18T18:26:45.614+0000: [ParNew: 1555776K->17088K(1555776K), 0.0862140 secs] 2008286K->478290K(2080064K), 0.0862800 secs] [Times: user=0.18 sys=0.00, real=0.08 secs] 
2016/08/18 18:27:06 - Voter Lookup/Update.0 - linenr 2550000
2016-08-18T18:27:15.668+0000: [GC2016-08-18T18:27:15.668+0000: [ParNew: 1555776K->17088K(1555776K), 0.1073010 secs] 2016978K->486973K(2080064K), 0.1073990 secs] [Times: user=0.22 sys=0.00, real=0.11 secs] 
2016-08-18T18:27:46.148+0000: [GC2016-08-18T18:27:46.148+0000: [ParNew: 1555776K->17088K(1555776K), 0.0748190 secs] 2025661K->495659K(2080064K), 0.0749050 secs] [Times: user=0.14 sys=0.00, real=0.07 secs] 
2016/08/18 18:27:48 - Text file input.0 - linenr 2600000
2016/08/18 18:28:16 - Voter Lookup/Update.0 - linenr 2600000
2016-08-18T18:28:16.676+0000: [GC2016-08-18T18:28:16.676+0000: [ParNew: 1555776K->17088K(1555776K), 0.0760740 secs] 2034347K->504343K(2080064K), 0.0761450 secs] [Times: user=0.14 sys=0.00, real=0.07 secs] 
2016-08-18T18:28:16.753+0000: [GC [1 CMS-initial-mark: 487255K(524288K)] 511361K(2080064K), 0.0187830 secs] [Times: user=0.02 sys=0.00, real=0.01 secs] 
2016-08-18T18:28:16.929+0000: [CMS-concurrent-mark: 0.158/0.158 secs] [Times: user=0.20 sys=0.00, real=0.16 secs] 
2016-08-18T18:28:16.931+0000: [CMS-concurrent-preclean: 0.002/0.002 secs] [Times: user=0.00 sys=0.00, real=0.00 secs] 
 CMS: abort preclean due to time 2016-08-18T18:28:22.089+0000: [CMS-concurrent-abortable-preclean: 3.656/5.158 secs] [Times: user=5.25 sys=0.16, real=5.16 secs] 
2016-08-18T18:28:22.090+0000: [GC[YG occupancy: 294189 K (1555776 K)]2016-08-18T18:28:22.090+0000: [Rescan (parallel) , 0.1459070 secs]2016-08-18T18:28:22.235+0000: [weak refs processing, 0.0004230 secs]2016-08-18T18:28:22.236+0000: [scrub string table, 0.0008630 secs] [1 CMS-remark: 487255K(524288K)] 781444K(2080064K), 0.1473480 secs] [Times: user=0.31 sys=0.00, real=0.15 secs] 
2016-08-18T18:28:22.984+0000: [CMS-concurrent-sweep: 0.747/0.747 secs] [Times: user=1.03 sys=0.02, real=0.75 secs] 
2016-08-18T18:28:22.987+0000: [CMS-concurrent-reset: 0.003/0.003 secs] [Times: user=0.00 sys=0.00, real=0.00 secs] 
2016-08-18T18:28:48.308+0000: [GC2016-08-18T18:28:48.308+0000: [ParNew: 1555776K->17088K(1555776K), 0.0805760 secs] 1598159K->68158K(2080064K), 0.0806640 secs] [Times: user=0.16 sys=0.00, real=0.08 secs] 
2016/08/18 18:28:59 - Text file input.0 - linenr 2650000
2016-08-18T18:29:18.894+0000: [GC2016-08-18T18:29:18.894+0000: [ParNew: 1555776K->17088K(1555776K), 0.0888420 secs] 1606846K->76842K(2080064K), 0.0889190 secs] [Times: user=0.18 sys=0.00, real=0.09 secs] 
2016/08/18 18:29:27 - Voter Lookup/Update.0 - linenr 2650000
2016-08-18T18:29:49.061+0000: [GC2016-08-18T18:29:49.061+0000: [ParNew: 1555776K->17088K(1555776K), 0.0661040 secs] 1615530K->85522K(2080064K), 0.0661730 secs] [Times: user=0.13 sys=0.00, real=0.07 secs] 
2016/08/18 18:30:08 - Text file input.0 - linenr 2700000
2016-08-18T18:30:19.260+0000: [GC2016-08-18T18:30:19.260+0000: [ParNew: 1555776K->17088K(1555776K), 0.0657960 secs] 1624210K->94219K(2080064K), 0.0659650 secs] [Times: user=0.13 sys=0.00, real=0.07 secs] 
2016/08/18 18:30:37 - Voter Lookup/Update.0 - linenr 2700000
2016-08-18T18:30:51.473+0000: [GC2016-08-18T18:30:51.473+0000: [ParNew: 1555776K->17088K(1555776K), 0.0907670 secs] 1632907K->102904K(2080064K), 0.0908560 secs] [Times: user=0.18 sys=0.00, real=0.09 secs] 
2016/08/18 18:31:22 - Text file input.0 - linenr 2750000
2016-08-18T18:31:24.547+0000: [GC2016-08-18T18:31:24.547+0000: [ParNew: 1555776K->17087K(1555776K), 0.0628390 secs] 1641592K->111582K(2080064K), 0.0629110 secs] [Times: user=0.13 sys=0.00, real=0.06 secs] 
2016/08/18 18:31:54 - Voter Lookup/Update.0 - linenr 2750000
2016-08-18T18:31:58.237+0000: [GC2016-08-18T18:31:58.237+0000: [ParNew: 1555775K->17088K(1555776K), 0.0595620 secs] 1650270K->120247K(2080064K), 0.0596280 secs] [Times: user=0.13 sys=0.00, real=0.06 secs] 
2016-08-18T18:32:28.653+0000: [GC2016-08-18T18:32:28.653+0000: [ParNew: 1555776K->17088K(1555776K), 0.0856450 secs] 1658935K->128938K(2080064K), 0.0857670 secs] [Times: user=0.18 sys=0.00, real=0.09 secs] 
2016/08/18 18:32:37 - Text file input.0 - linenr 2800000
2016-08-18T18:32:59.759+0000: [GC2016-08-18T18:32:59.759+0000: [ParNew: 1555776K->17088K(1555776K), 0.0615560 secs] 1667626K->137621K(2080064K), 0.0616200 secs] [Times: user=0.12 sys=0.00, real=0.06 secs] 
2016/08/18 18:33:05 - Voter Lookup/Update.0 - linenr 2800000
2016-08-18T18:33:30.429+0000: [GC2016-08-18T18:33:30.429+0000: [ParNew: 1555776K->17088K(1555776K), 0.0664540 secs] 1676309K->146307K(2080064K), 0.0665450 secs] [Times: user=0.14 sys=0.00, real=0.07 secs] 
2016/08/18 18:33:47 - Text file input.0 - linenr 2850000
2016-08-18T18:34:01.174+0000: [GC2016-08-18T18:34:01.174+0000: [ParNew: 1555776K->17088K(1555776K), 0.0738190 secs] 1684995K->154995K(2080064K), 0.0738950 secs] [Times: user=0.14 sys=0.00, real=0.07 secs] 
2016/08/18 18:34:15 - Voter Lookup/Update.0 - linenr 2850000
2016-08-18T18:34:31.372+0000: [GC2016-08-18T18:34:31.372+0000: [ParNew: 1555776K->17088K(1555776K), 0.0663070 secs] 1693683K->163669K(2080064K), 0.0663770 secs] [Times: user=0.13 sys=0.00, real=0.07 secs] 
2016/08/18 18:34:56 - Text file input.0 - linenr 2900000
2016-08-18T18:35:01.898+0000: [GC2016-08-18T18:35:01.898+0000: [ParNew: 1555776K->17088K(1555776K), 0.1044080 secs] 1702357K->172355K(2080064K), 0.1044770 secs] [Times: user=0.21 sys=0.00, real=0.10 secs] 
2016/08/18 18:35:25 - Voter Lookup/Update.0 - linenr 2900000
2016-08-18T18:35:33.852+0000: [GC2016-08-18T18:35:33.852+0000: [ParNew: 1555776K->17088K(1555776K), 0.0951940 secs] 1711043K->181056K(2080064K), 0.0953010 secs] [Times: user=0.19 sys=0.00, real=0.10 secs] 
2016-08-18T18:36:06.759+0000: [GC2016-08-18T18:36:06.759+0000: [ParNew: 1555776K->17087K(1555776K), 0.0686520 secs] 1719744K->189743K(2080064K), 0.0687480 secs] [Times: user=0.14 sys=0.00, real=0.07 secs] 
2016/08/18 18:36:09 - Text file input.0 - linenr 2950000
2016-08-18T18:36:37.958+0000: [GC2016-08-18T18:36:37.959+0000: [ParNew: 1555775K->17088K(1555776K), 0.0778760 secs] 1728431K->198431K(2080064K), 0.0779580 secs] [Times: user=0.14 sys=0.00, real=0.08 secs] 
2016/08/18 18:36:38 - Voter Lookup/Update.0 - linenr 2950000
2016-08-18T18:37:09.667+0000: [GC2016-08-18T18:37:09.667+0000: [ParNew: 1555776K->17088K(1555776K), 0.0727060 secs] 1737119K->207118K(2080064K), 0.0728250 secs] [Times: user=0.15 sys=0.00, real=0.07 secs] 
2016/08/18 18:37:21 - Text file input.0 - linenr 3000000
2016-08-18T18:37:40.108+0000: [GC2016-08-18T18:37:40.108+0000: [ParNew: 1555776K->17087K(1555776K), 0.0660290 secs] 1745806K->215799K(2080064K), 0.0660950 secs] [Times: user=0.14 sys=0.00, real=0.07 secs] 
2016/08/18 18:37:50 - Voter Lookup/Update.0 - linenr 3000000
2016-08-18T18:38:10.554+0000: [GC2016-08-18T18:38:10.554+0000: [ParNew: 1555775K->17087K(1555776K), 0.0654950 secs] 1754487K->224481K(2080064K), 0.0655660 secs] [Times: user=0.13 sys=0.00, real=0.06 secs] 
2016/08/18 18:38:32 - Text file input.0 - linenr 3050000
2016-08-18T18:38:41.399+0000: [GC2016-08-18T18:38:41.399+0000: [ParNew: 1555775K->17087K(1555776K), 0.0844850 secs] 1763169K->233170K(2080064K), 0.0845640 secs] [Times: user=0.17 sys=0.00, real=0.09 secs] 
2016/08/18 18:39:01 - Voter Lookup/Update.0 - linenr 3050000
2016-08-18T18:39:13.234+0000: [GC2016-08-18T18:39:13.234+0000: [ParNew: 1555775K->17088K(1555776K), 0.0602610 secs] 1771858K->241853K(2080064K), 0.0603600 secs] [Times: user=0.12 sys=0.00, real=0.06 secs] 
2016-08-18T18:39:43.310+0000: [GC2016-08-18T18:39:43.310+0000: [ParNew: 1555776K->17087K(1555776K), 0.0695920 secs] 1780541K->250532K(2080064K), 0.0696620 secs] [Times: user=0.14 sys=0.00, real=0.07 secs] 
2016/08/18 18:39:43 - Text file input.0 - linenr 3100000
2016/08/18 18:40:11 - Voter Lookup/Update.0 - linenr 3100000
2016-08-18T18:40:14.608+0000: [GC2016-08-18T18:40:14.608+0000: [ParNew: 1555775K->17088K(1555776K), 0.0788840 secs] 1789220K->259220K(2080064K), 0.0789720 secs] [Times: user=0.16 sys=0.00, real=0.08 secs] 
2016-08-18T18:40:45.816+0000: [GC2016-08-18T18:40:45.816+0000: [ParNew: 1555776K->17088K(1555776K), 0.0689920 secs] 1797908K->267893K(2080064K), 0.0690620 secs] [Times: user=0.14 sys=0.00, real=0.07 secs] 
2016/08/18 18:40:55 - Text file input.0 - linenr 3150000
2016-08-18T18:41:17.439+0000: [GC2016-08-18T18:41:17.439+0000: [ParNew: 1555776K->17088K(1555776K), 0.0618070 secs] 1806581K->276561K(2080064K), 0.0618730 secs] [Times: user=0.12 sys=0.00, real=0.06 secs] 
2016/08/18 18:41:23 - Voter Lookup/Update.0 - linenr 3150000
2016-08-18T18:41:47.516+0000: [GC2016-08-18T18:41:47.516+0000: [ParNew: 1555776K->17088K(1555776K), 0.0725250 secs] 1815249K->285237K(2080064K), 0.0726090 secs] [Times: user=0.15 sys=0.00, real=0.07 secs] 
2016/08/18 18:42:05 - Text file input.0 - linenr 3200000
2016-08-18T18:42:18.408+0000: [GC2016-08-18T18:42:18.408+0000: [ParNew: 1555776K->17088K(1555776K), 0.0861410 secs] 1823925K->293932K(2080064K), 0.0862550 secs] [Times: user=0.17 sys=0.00, real=0.09 secs] 
2016/08/18 18:42:34 - Voter Lookup/Update.0 - linenr 3200000
2016-08-18T18:42:49.502+0000: [GC2016-08-18T18:42:49.502+0000: [ParNew: 1555776K->17088K(1555776K), 0.0788090 secs] 1832620K->302597K(2080064K), 0.0788900 secs] [Times: user=0.16 sys=0.00, real=0.08 secs] 
2016/08/18 18:43:16 - Text file input.0 - linenr 3250000
2016-08-18T18:43:19.608+0000: [GC2016-08-18T18:43:19.608+0000: [ParNew: 1555776K->17088K(1555776K), 0.0642890 secs] 1841285K->311265K(2080064K), 0.0643520 secs] [Times: user=0.13 sys=0.00, real=0.06 secs] 
2016/08/18 18:43:44 - Voter Lookup/Update.0 - linenr 3250000
2016-08-18T18:43:51.273+0000: [GC2016-08-18T18:43:51.273+0000: [ParNew: 1555776K->17088K(1555776K), 0.0635920 secs] 1849953K->319942K(2080064K), 0.0636690 secs] [Times: user=0.13 sys=0.00, real=0.06 secs] 
2016-08-18T18:44:22.714+0000: [GC2016-08-18T18:44:22.714+0000: [ParNew: 1555776K->17088K(1555776K), 0.1032550 secs] 1858630K->328624K(2080064K), 0.1033960 secs] [Times: user=0.21 sys=0.00, real=0.10 secs] 
2016/08/18 18:44:27 - Text file input.0 - linenr 3300000
2016-08-18T18:44:53.293+0000: [GC2016-08-18T18:44:53.293+0000: [ParNew: 1555776K->17088K(1555776K), 0.0760330 secs] 1867312K->337312K(2080064K), 0.0761020 secs] [Times: user=0.15 sys=0.00, real=0.07 secs] 
2016/08/18 18:44:55 - Voter Lookup/Update.0 - linenr 3300000
2016-08-18T18:45:24.548+0000: [GC2016-08-18T18:45:24.548+0000: [ParNew: 1555776K->17088K(1555776K), 0.1004450 secs] 1876000K->345987K(2080064K), 0.1005450 secs] [Times: user=0.21 sys=0.00, real=0.10 secs] 
2016/08/18 18:45:38 - Text file input.0 - linenr 3350000
2016-08-18T18:45:56.104+0000: [GC2016-08-18T18:45:56.104+0000: [ParNew: 1555776K->17088K(1555776K), 0.0754630 secs] 1884675K->354671K(2080064K), 0.0755400 secs] [Times: user=0.16 sys=0.00, real=0.07 secs] 
2016/08/18 18:46:08 - Voter Lookup/Update.0 - linenr 3350000
2016-08-18T18:46:27.185+0000: [GC2016-08-18T18:46:27.185+0000: [ParNew: 1555776K->17088K(1555776K), 0.0670720 secs] 1893359K->363359K(2080064K), 0.0671480 secs] [Times: user=0.14 sys=0.00, real=0.06 secs] 
2016/08/18 18:46:50 - Text file input.0 - linenr 3400000
2016-08-18T18:46:58.129+0000: [GC2016-08-18T18:46:58.129+0000: [ParNew: 1555776K->17088K(1555776K), 0.0730480 secs] 1902047K->372042K(2080064K), 0.0731130 secs] [Times: user=0.15 sys=0.00, real=0.07 secs] 
2016/08/18 18:47:18 - Voter Lookup/Update.0 - linenr 3400000
2016-08-18T18:47:29.262+0000: [GC2016-08-18T18:47:29.262+0000: [ParNew: 1555776K->17088K(1555776K), 0.0686570 secs] 1910730K->380714K(2080064K), 0.0687350 secs] [Times: user=0.14 sys=0.00, real=0.07 secs] 
2016-08-18T18:48:03.313+0000: [GC2016-08-18T18:48:03.313+0000: [ParNew: 1555776K->17088K(1555776K), 0.0960500 secs] 1919402K->389388K(2080064K), 0.0961860 secs] [Times: user=0.20 sys=0.00, real=0.10 secs] 
2016/08/18 18:48:04 - Text file input.0 - linenr 3450000
2016/08/18 18:48:34 - Voter Lookup/Update.0 - linenr 3450000
2016-08-18T18:48:35.297+0000: [GC2016-08-18T18:48:35.297+0000: [ParNew: 1555776K->17087K(1555776K), 0.0676160 secs] 1928076K->398070K(2080064K), 0.0676880 secs] [Times: user=0.13 sys=0.00, real=0.07 secs] 
2016-08-18T18:49:05.994+0000: [GC2016-08-18T18:49:05.994+0000: [ParNew: 1555775K->17087K(1555776K), 0.0817160 secs] 1936758K->406742K(2080064K), 0.0818030 secs] [Times: user=0.16 sys=0.00, real=0.08 secs] 
2016/08/18 18:49:16 - Text file input.0 - linenr 3500000
2016-08-18T18:49:37.098+0000: [GC2016-08-18T18:49:37.098+0000: [ParNew: 1555775K->17088K(1555776K), 0.0668730 secs] 1945430K->415425K(2080064K), 0.0669940 secs] [Times: user=0.13 sys=0.00, real=0.07 secs] 
2016/08/18 18:49:45 - Voter Lookup/Update.0 - linenr 3500000
2016-08-18T18:50:09.582+0000: [GC2016-08-18T18:50:09.582+0000: [ParNew: 1555776K->17088K(1555776K), 0.0794930 secs] 1954113K->424104K(2080064K), 0.0795710 secs] [Times: user=0.16 sys=0.00, real=0.08 secs] 
2016/08/18 18:50:31 - Text file input.0 - linenr 3550000
2016-08-18T18:50:44.209+0000: [GC2016-08-18T18:50:44.209+0000: [ParNew: 1555776K->17088K(1555776K), 0.0651430 secs] 1962792K->432780K(2080064K), 0.0652290 secs] [Times: user=0.13 sys=0.00, real=0.07 secs] 
2016/08/18 18:51:00 - Voter Lookup/Update.0 - linenr 3550000
2016-08-18T18:51:14.711+0000: [GC2016-08-18T18:51:14.712+0000: [ParNew: 1555776K->17088K(1555776K), 0.0742220 secs] 1971468K->441465K(2080064K), 0.0743030 secs] [Times: user=0.15 sys=0.00, real=0.08 secs] 
2016/08/18 18:51:43 - Text file input.0 - linenr 3600000
2016-08-18T18:51:46.890+0000: [GC2016-08-18T18:51:46.890+0000: [ParNew: 1555776K->17088K(1555776K), 0.0768870 secs] 1980153K->450144K(2080064K), 0.0769760 secs] [Times: user=0.15 sys=0.00, real=0.08 secs] 
2016/08/18 18:52:13 - Voter Lookup/Update.0 - linenr 3600000
2016-08-18T18:52:17.956+0000: [GC2016-08-18T18:52:17.956+0000: [ParNew: 1555776K->17088K(1555776K), 0.0668430 secs] 1988832K->458829K(2080064K), 0.0669180 secs] [Times: user=0.13 sys=0.00, real=0.06 secs] 
2016-08-18T18:52:48.803+0000: [GC2016-08-18T18:52:48.803+0000: [ParNew: 1555776K->17088K(1555776K), 0.0846730 secs] 1997517K->467503K(2080064K), 0.0847510 secs] [Times: user=0.17 sys=0.00, real=0.08 secs] 
2016/08/18 18:52:56 - Text file input.0 - linenr 3650000
2016-08-18T18:53:20.339+0000: [GC2016-08-18T18:53:20.339+0000: [ParNew: 1555776K->17088K(1555776K), 0.0796800 secs] 2006191K->476181K(2080064K), 0.0797540 secs] [Times: user=0.17 sys=0.00, real=0.08 secs] 
2016/08/18 18:53:24 - Voter Lookup/Update.0 - linenr 3650000
2016-08-18T18:53:51.818+0000: [GC2016-08-18T18:53:51.818+0000: [ParNew: 1555776K->17088K(1555776K), 0.0671450 secs] 2014869K->484862K(2080064K), 0.0672190 secs] [Times: user=0.13 sys=0.00, real=0.07 secs] 
2016/08/18 18:54:08 - Text file input.0 - linenr 3700000
2016-08-18T18:54:23.296+0000: [GC2016-08-18T18:54:23.296+0000: [ParNew: 1555776K->17088K(1555776K), 0.0661090 secs] 2023550K->493545K(2080064K), 0.0661930 secs] [Times: user=0.13 sys=0.00, real=0.06 secs] 
2016/08/18 18:54:36 - Voter Lookup/Update.0 - linenr 3700000
2016-08-18T18:54:53.911+0000: [GC2016-08-18T18:54:53.911+0000: [ParNew: 1555776K->17087K(1555776K), 0.0776560 secs] 2032233K->502236K(2080064K), 0.0777430 secs] [Times: user=0.15 sys=0.00, real=0.08 secs] 
2016-08-18T18:54:53.990+0000: [GC [1 CMS-initial-mark: 485148K(524288K)] 533033K(2080064K), 0.0203150 secs] [Times: user=0.02 sys=0.00, real=0.02 secs] 
2016-08-18T18:54:54.166+0000: [CMS-concurrent-mark: 0.156/0.156 secs] [Times: user=0.22 sys=0.00, real=0.16 secs] 
2016-08-18T18:54:54.168+0000: [CMS-concurrent-preclean: 0.002/0.002 secs] [Times: user=0.00 sys=0.00, real=0.00 secs] 
 CMS: abort preclean due to time 2016-08-18T18:54:59.249+0000: [CMS-concurrent-abortable-preclean: 3.579/5.081 secs] [Times: user=5.07 sys=0.11, real=5.08 secs] 
2016-08-18T18:54:59.250+0000: [GC[YG occupancy: 263511 K (1555776 K)]2016-08-18T18:54:59.250+0000: [Rescan (parallel) , 0.1411990 secs]2016-08-18T18:54:59.391+0000: [weak refs processing, 0.0000810 secs]2016-08-18T18:54:59.391+0000: [scrub string table, 0.0007040 secs] [1 CMS-remark: 485148K(524288K)] 748660K(2080064K), 0.1421020 secs] [Times: user=0.29 sys=0.00, real=0.14 secs] 
2016-08-18T18:55:00.155+0000: [CMS-concurrent-sweep: 0.763/0.763 secs] [Times: user=1.07 sys=0.01, real=0.77 secs] 
2016-08-18T18:55:00.158+0000: [CMS-concurrent-reset: 0.002/0.002 secs] [Times: user=0.00 sys=0.00, real=0.00 secs] 
2016/08/18 18:55:19 - Text file input.0 - linenr 3750000
2016-08-18T18:55:25.474+0000: [GC2016-08-18T18:55:25.474+0000: [ParNew: 1555775K->17087K(1555776K), 0.0838660 secs] 1598128K->68139K(2080064K), 0.0839640 secs] [Times: user=0.18 sys=0.00, real=0.08 secs] 
2016/08/18 18:55:48 - Voter Lookup/Update.0 - linenr 3750000
2016-08-18T18:55:55.990+0000: [GC2016-08-18T18:55:55.990+0000: [ParNew: 1555775K->17087K(1555776K), 0.1131440 secs] 1606827K->76820K(2080064K), 0.1132160 secs] [Times: user=0.23 sys=0.00, real=0.12 secs] 
2016-08-18T18:56:28.596+0000: [GC2016-08-18T18:56:28.596+0000: [ParNew: 1555775K->17087K(1555776K), 0.0820240 secs] 1615508K->85518K(2080064K), 0.0820930 secs] [Times: user=0.16 sys=0.00, real=0.08 secs] 
2016/08/18 18:56:31 - Text file input.0 - linenr 3800000
2016-08-18T18:56:59.115+0000: [GC2016-08-18T18:56:59.115+0000: [ParNew: 1555775K->17088K(1555776K), 0.0638690 secs] 1624206K->94200K(2080064K), 0.0639330 secs] [Times: user=0.13 sys=0.00, real=0.06 secs] 
2016/08/18 18:56:59 - Voter Lookup/Update.0 - linenr 3800000
2016-08-18T18:57:30.185+0000: [GC2016-08-18T18:57:30.186+0000: [ParNew: 1555776K->17087K(1555776K), 0.0687550 secs] 1632888K->102878K(2080064K), 0.0688360 secs] [Times: user=0.14 sys=0.00, real=0.07 secs] 
2016/08/18 18:57:42 - Text file input.0 - linenr 3850000
2016-08-18T18:58:02.739+0000: [GC2016-08-18T18:58:02.739+0000: [ParNew: 1555775K->17087K(1555776K), 0.0986840 secs] 1641566K->111575K(2080064K), 0.0987790 secs] [Times: user=0.20 sys=0.00, real=0.10 secs] 
2016/08/18 18:58:12 - Voter Lookup/Update.0 - linenr 3850000
2016-08-18T18:58:33.859+0000: [GC2016-08-18T18:58:33.859+0000: [ParNew: 1555775K->17088K(1555776K), 0.0610860 secs] 1650263K->120270K(2080064K), 0.0611710 secs] [Times: user=0.12 sys=0.00, real=0.06 secs] 
2016/08/18 18:58:54 - Text file input.0 - linenr 3900000
2016-08-18T18:59:04.942+0000: [GC2016-08-18T18:59:04.942+0000: [ParNew: 1555776K->17088K(1555776K), 0.0807020 secs] 1658958K->128945K(2080064K), 0.0807890 secs] [Times: user=0.16 sys=0.00, real=0.09 secs] 
2016/08/18 18:59:23 - Voter Lookup/Update.0 - linenr 3900000
2016-08-18T18:59:35.277+0000: [GC2016-08-18T18:59:35.277+0000: [ParNew: 1555776K->17086K(1555776K), 0.0686720 secs] 1667633K->137625K(2080064K), 0.0687640 secs] [Times: user=0.14 sys=0.00, real=0.07 secs] 
2016/08/18 19:00:06 - Text file input.0 - linenr 3950000
2016-08-18T19:00:07.063+0000: [GC2016-08-18T19:00:07.063+0000: [ParNew: 1555774K->17086K(1555776K), 0.0673510 secs] 1676313K->146310K(2080064K), 0.0674190 secs] [Times: user=0.13 sys=0.00, real=0.06 secs] 
2016/08/18 19:00:34 - Voter Lookup/Update.0 - linenr 3950000
2016-08-18T19:00:38.238+0000: [GC2016-08-18T19:00:38.238+0000: [ParNew: 1555774K->17088K(1555776K), 0.0683750 secs] 1684998K->154988K(2080064K), 0.0684880 secs] [Times: user=0.14 sys=0.00, real=0.07 secs] 
2016-08-18T19:01:09.610+0000: [GC2016-08-18T19:01:09.610+0000: [ParNew: 1555776K->17088K(1555776K), 0.0729260 secs] 1693676K->163663K(2080064K), 0.0730090 secs] [Times: user=0.15 sys=0.00, real=0.07 secs] 
2016/08/18 19:01:17 - Text file input.0 - linenr 4000000
2016-08-18T19:01:40.194+0000: [GC2016-08-18T19:01:40.194+0000: [ParNew: 1555776K->17088K(1555776K), 0.0700470 secs] 1702351K->172353K(2080064K), 0.0701240 secs] [Times: user=0.15 sys=0.00, real=0.07 secs] 
2016/08/18 19:01:45 - Voter Lookup/Update.0 - linenr 4000000
2016-08-18T19:02:11.205+0000: [GC2016-08-18T19:02:11.205+0000: [ParNew: 1555776K->17088K(1555776K), 0.0609660 secs] 1711041K->181023K(2080064K), 0.0610330 secs] [Times: user=0.12 sys=0.00, real=0.06 secs] 
2016/08/18 19:02:28 - Text file input.0 - linenr 4050000
2016-08-18T19:02:42.304+0000: [GC2016-08-18T19:02:42.304+0000: [ParNew: 1555776K->17088K(1555776K), 0.0846850 secs] 1719711K->189701K(2080064K), 0.0847610 secs] [Times: user=0.17 sys=0.00, real=0.08 secs] 
2016/08/18 19:02:56 - Voter Lookup/Update.0 - linenr 4050000
2016-08-18T19:03:14.300+0000: [GC2016-08-18T19:03:14.300+0000: [ParNew: 1555776K->17088K(1555776K), 0.0795250 secs] 1728389K->198383K(2080064K), 0.0796140 secs] [Times: user=0.16 sys=0.00, real=0.08 secs] 
2016/08/18 19:03:39 - Text file input.0 - linenr 4100000
2016-08-18T19:03:45.216+0000: [GC2016-08-18T19:03:45.216+0000: [ParNew: 1555776K->17088K(1555776K), 0.0797050 secs] 1737071K->207054K(2080064K), 0.0797760 secs] [Times: user=0.16 sys=0.00, real=0.08 secs] 
2016/08/18 19:04:08 - Voter Lookup/Update.0 - linenr 4100000
2016-08-18T19:04:17.078+0000: [GC2016-08-18T19:04:17.078+0000: [ParNew: 1555776K->17088K(1555776K), 0.0615890 secs] 1745742K->215741K(2080064K), 0.0616560 secs] [Times: user=0.12 sys=0.00, real=0.06 secs] 
2016-08-18T19:04:49.877+0000: [GC2016-08-18T19:04:49.877+0000: [ParNew: 1555776K->17088K(1555776K), 0.0624260 secs] 1754429K->224420K(2080064K), 0.0624910 secs] [Times: user=0.13 sys=0.00, real=0.06 secs] 
2016/08/18 19:04:53 - Text file input.0 - linenr 4150000
2016-08-18T19:05:21.366+0000: [GC2016-08-18T19:05:21.366+0000: [ParNew: 1555776K->17088K(1555776K), 0.0659420 secs] 1763108K->233096K(2080064K), 0.0660170 secs] [Times: user=0.13 sys=0.00, real=0.06 secs] 
2016/08/18 19:05:21 - Voter Lookup/Update.0 - linenr 4150000
2016-08-18T19:05:53.045+0000: [GC2016-08-18T19:05:53.045+0000: [ParNew: 1555776K->17088K(1555776K), 0.0745530 secs] 1771784K->241779K(2080064K), 0.0746470 secs] [Times: user=0.15 sys=0.00, real=0.07 secs] 
2016/08/18 19:06:05 - Text file input.0 - linenr 4200000
2016-08-18T19:06:24.941+0000: [GC2016-08-18T19:06:24.942+0000: [ParNew: 1555776K->17088K(1555776K), 0.0738070 secs] 1780467K->250458K(2080064K), 0.0738820 secs] [Times: user=0.15 sys=0.00, real=0.08 secs] 
2016/08/18 19:06:35 - Voter Lookup/Update.0 - linenr 4200000
2016-08-18T19:06:56.165+0000: [GC2016-08-18T19:06:56.165+0000: [ParNew: 1555776K->17088K(1555776K), 0.0704630 secs] 1789146K->259139K(2080064K), 0.0705430 secs] [Times: user=0.14 sys=0.00, real=0.07 secs] 
2016/08/18 19:07:17 - Text file input.0 - linenr 4250000
2016-08-18T19:07:27.292+0000: [GC2016-08-18T19:07:27.292+0000: [ParNew: 1555776K->17088K(1555776K), 0.0725280 secs] 1797827K->267828K(2080064K), 0.0726010 secs] [Times: user=0.15 sys=0.00, real=0.08 secs] 
2016/08/18 19:07:45 - Voter Lookup/Update.0 - linenr 4250000
2016-08-18T19:07:58.587+0000: [GC2016-08-18T19:07:58.587+0000: [ParNew: 1555776K->17088K(1555776K), 0.0693490 secs] 1806516K->276501K(2080064K), 0.0694450 secs] [Times: user=0.14 sys=0.00, real=0.07 secs] 
2016/08/18 19:08:27 - Text file input.0 - linenr 4300000
2016-08-18T19:08:29.461+0000: [GC2016-08-18T19:08:29.461+0000: [ParNew: 1555776K->17088K(1555776K), 0.0742480 secs] 1815189K->285162K(2080064K), 0.0743360 secs] [Times: user=0.15 sys=0.00, real=0.08 secs] 
2016/08/18 19:08:55 - Voter Lookup/Update.0 - linenr 4300000
2016/08/18 19:08:56 - Text file input.0 - Finished processing (I=4320754, O=0, R=1, W=4320753, U=1, E=0)
2016-08-18T19:09:01.477+0000: [GC2016-08-18T19:09:01.478+0000: [ParNew: 1555776K->17088K(1555776K), 0.0515430 secs] 1823850K->289994K(2080064K), 0.0517320 secs] [Times: user=0.11 sys=0.00, real=0.05 secs] 
2016/08/18 19:09:10 - Strings cut.0 - Finished processing (I=0, O=0, R=4320753, W=4320753, U=0, E=0)
2016/08/18 19:09:25 - Voter Lookup/Update.0 - Finished processing (I=4320753, O=4320753, R=4320753, W=4320753, U=0, E=0)
2016/08/18 19:09:25 - Pan - Finished!
2016/08/18 19:09:25 - Pan - Start=2016/08/18 17:31:16.664, Stop=2016/08/18 19:09:25.276
2016/08/18 19:09:25 - Pan - Processing ended after 1 hours, 38 minutes and 8 seconds (5888 seconds total).
2016/08/18 19:09:25 - updateOhioVoterAndPeopleDimensions -  
2016/08/18 19:09:25 - updateOhioVoterAndPeopleDimensions - Step Get Variables.0 ended successfully, processed 1 lines. ( 0 lines/s)
2016/08/18 19:09:25 - updateOhioVoterAndPeopleDimensions - Step Lookup report date key.0 ended successfully, processed 1 lines. ( 0 lines/s)
2016/08/18 19:09:25 - updateOhioVoterAndPeopleDimensions - Step Text file input.0 ended successfully, processed 4320753 lines. ( 733 lines/s)
2016/08/18 19:09:25 - updateOhioVoterAndPeopleDimensions - Step Strings cut.0 ended successfully, processed 4320753 lines. ( 733 lines/s)
2016/08/18 19:09:25 - updateOhioVoterAndPeopleDimensions - Step Voter Lookup/Update.0 ended successfully, processed 4320753 lines. ( 733 lines/s)
Heap
 par new generation   total 1555776K, used 1006397K [0x000000075ba00000, 0x00000007bba00000, 0x00000007bba00000)
  eden space 1538688K,  64% used [0x000000075ba00000, 0x000000079801f5a8, 0x00000007b98a0000)
  from space 17088K, 100% used [0x00000007ba950000, 0x00000007bba00000, 0x00000007bba00000)
  to   space 17088K,   0% used [0x00000007b98a0000, 0x00000007b98a0000, 0x00000007ba950000)
 concurrent mark-sweep generation total 524288K, used 272906K [0x00000007bba00000, 0x00000007dba00000, 0x00000007fae00000)
 concurrent-mark-sweep perm gen total 83968K, used 51766K [0x00000007fae00000, 0x0000000800000000, 0x0000000800000000)
20:02:53,057 INFO  [KarafInstance] 
*******************************************************************************
*** Karaf Instance Number: 1 at /tmp/karaf5898491898493372506/caches/pan/da ***
***   ta-1                                                                  ***
*** Karaf Port:8802                                                         ***
*** OSGI Service Port:9051                                                  ***
*******************************************************************************
20:02:53,058 INFO  [KarafBoot] Checking to see if org.pentaho.clean.karaf.cache is enabled
Aug 18, 2016 8:02:53 PM org.apache.karaf.main.Main launch
INFO: Installing and starting initial bundles
Aug 18, 2016 8:02:53 PM org.apache.karaf.main.Main launch
INFO: All initial bundles installed and set to start
Aug 18, 2016 8:02:54 PM org.apache.karaf.main.Main$KarafLockCallback lockAquired
INFO: Lock acquired. Setting startlevel to 100
Creating configuration from mondrian.cfg
Creating configuration from jmx.acl.org.apache.karaf.bundle.cfg
Creating configuration from jmx.acl.org.apache.karaf.config.cfg
Creating configuration from jmx.acl.org.apache.karaf.security.jmx.cfg
Creating configuration from org.apache.karaf.log.cfg
Creating configuration from org.apache.karaf.shell.cfg
Creating configuration from org.apache.karaf.command.acl.feature.cfg
Creating configuration from org.apache.felix.fileinstall-deploy.cfg
Creating configuration from org.apache.karaf.command.acl.config.cfg
Creating configuration from org.apache.karaf.features.repos.cfg
Creating configuration from org.ops4j.pax.logging.cfg
Creating configuration from org.apache.karaf.command.acl.jaas.cfg
Creating configuration from org.apache.karaf.command.acl.scope_bundle.cfg
Creating configuration from org.ops4j.pax.web.cfg
Creating configuration from org.ops4j.pax.url.mvn.cfg
Creating configuration from org.apache.karaf.features.obr.cfg
Creating configuration from org.apache.karaf.features.cfg
Creating configuration from org.apache.karaf.webconsole.cfg
Creating configuration from org.pentaho.caching-default.cfg
Creating configuration from org.apache.activemq.server-default.cfg
Creating configuration from jmx.acl.osgi.compendium.cm.cfg
Creating configuration from org.apache.karaf.command.acl.system.cfg
Creating configuration from org.apache.karaf.command.acl.shell.cfg
Creating configuration from jmx.acl.cfg
Creating configuration from org.apache.karaf.command.acl.kar.cfg
Creating configuration from org.apache.karaf.jaas.cfg
Creating configuration from org.apache.karaf.command.acl.bundle.cfg
Creating configuration from jmx.acl.java.lang.Memory.cfg
Creating configuration from org.apache.activemq.webconsole.cfg
Creating configuration from org.apache.karaf.kar.cfg
Creating configuration from org.apache.karaf.management.cfg
Creating configuration from org.pentaho.features.cfg
2016/08/18 20:02:56 - cfgbuilder - Warning: The configuration parameter [org] is not supported by the default configuration builder for scheme: sftp
2016-08-18T20:03:00.187+0000: [GC2016-08-18T20:03:00.187+0000: [ParNew: 1538688K->17088K(1555776K), 0.1178440 secs] 1538688K->44743K(2080064K), 0.1179850 secs] [Times: user=0.18 sys=0.03, real=0.12 secs] 
Aug 18, 2016 8:03:01 PM org.pentaho.caching.impl.PentahoCacheManagerFactory$RegistrationHandler$1 onSuccess
INFO: New Caching Service registered
Creating configuration from pentaho.geo.roles.cfg
Creating configuration from pentaho.metaverse.cfg
SLF4J: Class path contains multiple SLF4J bindings.
SLF4J: Found binding in [jar:file:/opt/pentaho/data-integration/launcher/../lib/slf4j-log4j12-1.7.7.jar!/org/slf4j/impl/StaticLoggerBinder.class]
SLF4J: Found binding in [jar:file:/opt/pentaho/data-integration/plugins/pentaho-big-data-plugin/lib/slf4j-log4j12-1.7.3.jar!/org/slf4j/impl/StaticLoggerBinder.class]
SLF4J: See http://www.slf4j.org/codes.html#multiple_bindings for an explanation.
SLF4J: Actual binding is of type [org.slf4j.impl.Log4jLoggerFactory]
2016/08/18 20:03:05 - Pan - Start of run.
2016/08/18 20:03:05 - updateOhioVoterAndPeopleDimensions - Dispatching started for transformation [updateOhioVoterAndPeopleDimensions]
2016/08/18 20:03:05 - Get Variables.0 - Finished processing (I=0, O=0, R=1, W=1, U=0, E=0)
2016/08/18 20:03:06 - Lookup report date key.0 - Finished processing (I=1, O=0, R=1, W=1, U=0, E=0)
2016/08/18 20:03:06 - Text file input.0 - Opening file: file:///mnt/vol-etl-nyc1-01/data/Ohio/Aug2016/SWVF_45_88_OUT.csv
2016-08-18T20:03:10.399+0000: [GC2016-08-18T20:03:10.399+0000: [ParNew: 1555776K->17088K(1555776K), 0.2516520 secs] 1583431K->95028K(2080064K), 0.2517430 secs] [Times: user=0.38 sys=0.07, real=0.25 secs] 
2016-08-18T20:03:43.309+0000: [GC2016-08-18T20:03:43.309+0000: [ParNew: 1555776K->17088K(1555776K), 0.1607760 secs] 1633716K->113183K(2080064K), 0.1608710 secs] [Times: user=0.29 sys=0.02, real=0.16 secs] 
2016/08/18 20:03:54 - Text file input.0 - linenr 50000
2016-08-18T20:04:15.438+0000: [GC2016-08-18T20:04:15.438+0000: [ParNew: 1555776K->17088K(1555776K), 0.0755470 secs] 1651871K->121818K(2080064K), 0.0756160 secs] [Times: user=0.13 sys=0.00, real=0.08 secs] 
2016/08/18 20:04:23 - Voter Lookup/Update.0 - linenr 50000
2016-08-18T20:04:43.643+0000: [GC2016-08-18T20:04:43.643+0000: [ParNew: 1555776K->17088K(1555776K), 0.0875570 secs] 1660506K->130423K(2080064K), 0.0876300 secs] [Times: user=0.17 sys=0.01, real=0.08 secs] 
2016/08/18 20:05:03 - Text file input.0 - linenr 100000
2016-08-18T20:05:14.308+0000: [GC2016-08-18T20:05:14.308+0000: [ParNew: 1555776K->17088K(1555776K), 0.0802920 secs] 1669111K->139047K(2080064K), 0.0803640 secs] [Times: user=0.13 sys=0.02, real=0.08 secs] 
2016/08/18 20:05:34 - Voter Lookup/Update.0 - linenr 100000
2016-08-18T20:05:45.454+0000: [GC2016-08-18T20:05:45.454+0000: [ParNew: 1555776K->17088K(1555776K), 0.0794590 secs] 1677735K->147657K(2080064K), 0.0795840 secs] [Times: user=0.14 sys=0.00, real=0.08 secs] 
2016/08/18 20:06:12 - Text file input.0 - linenr 150000
2016-08-18T20:06:13.424+0000: [GC2016-08-18T20:06:13.424+0000: [ParNew: 1555776K->17087K(1555776K), 0.0939100 secs] 1686345K->156267K(2080064K), 0.0940040 secs] [Times: user=0.16 sys=0.01, real=0.09 secs] 
2016/08/18 20:06:37 - Voter Lookup/Update.0 - linenr 150000
2016-08-18T20:06:40.997+0000: [GC2016-08-18T20:06:40.997+0000: [ParNew: 1555775K->17087K(1555776K), 0.0779290 secs] 1694955K->164869K(2080064K), 0.0780440 secs] [Times: user=0.13 sys=0.01, real=0.08 secs] 
2016-08-18T20:07:08.229+0000: [GC2016-08-18T20:07:08.229+0000: [ParNew: 1555775K->17087K(1555776K), 0.0993140 secs] 1703557K->173486K(2080064K), 0.0993930 secs] [Times: user=0.20 sys=0.00, real=0.10 secs] 
2016/08/18 20:07:15 - Text file input.0 - linenr 200000
2016-08-18T20:07:36.373+0000: [GC2016-08-18T20:07:36.373+0000: [ParNew: 1555775K->17087K(1555776K), 0.0796190 secs] 1712174K->182096K(2080064K), 0.0797000 secs] [Times: user=0.14 sys=0.00, real=0.08 secs] 
2016/08/18 20:07:40 - Voter Lookup/Update.0 - linenr 200000
2016-08-18T20:08:03.518+0000: [GC2016-08-18T20:08:03.518+0000: [ParNew: 1555775K->17087K(1555776K), 0.0707310 secs] 1720784K->190689K(2080064K), 0.0708090 secs] [Times: user=0.12 sys=0.01, real=0.07 secs] 
2016/08/18 20:08:17 - Text file input.0 - linenr 250000
2016-08-18T20:08:30.780+0000: [GC2016-08-18T20:08:30.781+0000: [ParNew: 1555775K->17087K(1555776K), 0.0805820 secs] 1729377K->199325K(2080064K), 0.0806560 secs] [Times: user=0.13 sys=0.01, real=0.08 secs] 
2016/08/18 20:08:42 - Voter Lookup/Update.0 - linenr 250000
2016-08-18T20:08:58.566+0000: [GC2016-08-18T20:08:58.566+0000: [ParNew: 1555775K->17087K(1555776K), 0.0883090 secs] 1738013K->207941K(2080064K), 0.0883900 secs] [Times: user=0.16 sys=0.01, real=0.09 secs] 
2016/08/18 20:09:20 - Text file input.0 - linenr 300000
2016-08-18T20:09:26.309+0000: [GC2016-08-18T20:09:26.309+0000: [ParNew: 1555775K->17087K(1555776K), 0.0911690 secs] 1746629K->216564K(2080064K), 0.0912730 secs] [Times: user=0.16 sys=0.01, real=0.09 secs] 
2016/08/18 20:09:44 - Voter Lookup/Update.0 - linenr 300000
2016-08-18T20:09:53.540+0000: [GC2016-08-18T20:09:53.540+0000: [ParNew: 1555775K->17087K(1555776K), 0.0869670 secs] 1755252K->225176K(2080064K), 0.0870330 secs] [Times: user=0.15 sys=0.01, real=0.09 secs] 
2016-08-18T20:10:20.467+0000: [GC2016-08-18T20:10:20.467+0000: [ParNew: 1555775K->17086K(1555776K), 0.0718960 secs] 1763864K->233780K(2080064K), 0.0719790 secs] [Times: user=0.13 sys=0.00, real=0.07 secs] 
2016/08/18 20:10:22 - Text file input.0 - linenr 350000
2016/08/18 20:10:48 - Voter Lookup/Update.0 - linenr 350000
2016-08-18T20:10:48.620+0000: [GC2016-08-18T20:10:48.620+0000: [ParNew: 1555774K->17086K(1555776K), 0.0738650 secs] 1772468K->242400K(2080064K), 0.0739350 secs] [Times: user=0.12 sys=0.01, real=0.08 secs] 
2016-08-18T20:11:15.873+0000: [GC2016-08-18T20:11:15.873+0000: [ParNew: 1555774K->17086K(1555776K), 0.0722390 secs] 1781088K->250994K(2080064K), 0.0723110 secs] [Times: user=0.13 sys=0.00, real=0.07 secs] 
2016/08/18 20:11:25 - Text file input.0 - linenr 400000
2016-08-18T20:11:43.796+0000: [GC2016-08-18T20:11:43.796+0000: [ParNew: 1555774K->17087K(1555776K), 0.0731250 secs] 1789682K->259602K(2080064K), 0.0733160 secs] [Times: user=0.13 sys=0.00, real=0.07 secs] 
2016/08/18 20:11:51 - Voter Lookup/Update.0 - linenr 400000
2016-08-18T20:12:11.958+0000: [GC2016-08-18T20:12:11.958+0000: [ParNew: 1555775K->17087K(1555776K), 0.1001390 secs] 1798290K->268201K(2080064K), 0.1002220 secs] [Times: user=0.17 sys=0.01, real=0.10 secs] 
2016/08/18 20:12:29 - Text file input.0 - linenr 450000
2016-08-18T20:12:39.429+0000: [GC2016-08-18T20:12:39.429+0000: [ParNew: 1555775K->17086K(1555776K), 0.0808480 secs] 1806889K->276805K(2080064K), 0.0809210 secs] [Times: user=0.14 sys=0.00, real=0.08 secs] 
2016/08/18 20:12:54 - Voter Lookup/Update.0 - linenr 450000
2016-08-18T20:13:07.243+0000: [GC2016-08-18T20:13:07.243+0000: [ParNew: 1555774K->17086K(1555776K), 0.0698050 secs] 1815493K->285416K(2080064K), 0.0698740 secs] [Times: user=0.12 sys=0.00, real=0.07 secs] 
2016-08-18T20:13:07.314+0000: [GC [1 CMS-initial-mark: 268329K(524288K)] 316256K(2080064K), 0.0266430 secs] [Times: user=0.02 sys=0.01, real=0.02 secs] 
2016-08-18T20:13:07.474+0000: [CMS-concurrent-mark: 0.134/0.134 secs] [Times: user=0.18 sys=0.01, real=0.14 secs] 
2016-08-18T20:13:07.477+0000: [CMS-concurrent-preclean: 0.002/0.002 secs] [Times: user=0.00 sys=0.00, real=0.00 secs] 
 CMS: abort preclean due to time 2016-08-18T20:13:12.585+0000: [CMS-concurrent-abortable-preclean: 3.607/5.109 secs] [Times: user=5.45 sys=0.21, real=5.11 secs] 
2016-08-18T20:13:12.586+0000: [GC[YG occupancy: 325425 K (1555776 K)]2016-08-18T20:13:12.586+0000: [Rescan (parallel) , 0.1777170 secs]2016-08-18T20:13:12.764+0000: [weak refs processing, 0.0047900 secs]2016-08-18T20:13:12.768+0000: [scrub string table, 0.0007760 secs] [1 CMS-remark: 268329K(524288K)] 593755K(2080064K), 0.1836270 secs] [Times: user=0.38 sys=0.00, real=0.18 secs] 
2016-08-18T20:13:13.078+0000: [CMS-concurrent-sweep: 0.307/0.308 secs] [Times: user=0.49 sys=0.00, real=0.31 secs] 
2016-08-18T20:13:13.085+0000: [CMS-concurrent-reset: 0.007/0.007 secs] [Times: user=0.01 sys=0.00, real=0.01 secs] 
2016/08/18 20:13:32 - Text file input.0 - linenr 500000
2016-08-18T20:13:35.243+0000: [GC2016-08-18T20:13:35.243+0000: [ParNew: 1555774K->17086K(1555776K), 0.0635040 secs] 1621318K->91256K(2080064K), 0.0635730 secs] [Times: user=0.13 sys=0.00, real=0.06 secs] 
2016/08/18 20:13:58 - Voter Lookup/Update.0 - linenr 500000
2016-08-18T20:14:03.205+0000: [GC2016-08-18T20:14:03.205+0000: [ParNew: 1555774K->17086K(1555776K), 0.0709600 secs] 1629944K->99882K(2080064K), 0.0710250 secs] [Times: user=0.14 sys=0.00, real=0.07 secs] 
2016-08-18T20:14:31.194+0000: [GC2016-08-18T20:14:31.194+0000: [ParNew: 1555774K->17086K(1555776K), 0.0588760 secs] 1638570K->108490K(2080064K), 0.0589480 secs] [Times: user=0.12 sys=0.00, real=0.06 secs] 
2016/08/18 20:14:36 - Text file input.0 - linenr 550000
2016-08-18T20:14:59.284+0000: [GC2016-08-18T20:14:59.284+0000: [ParNew: 1555774K->17086K(1555776K), 0.0653810 secs] 1647178K->117108K(2080064K), 0.0654470 secs] [Times: user=0.14 sys=0.00, real=0.06 secs] 
2016/08/18 20:15:02 - Voter Lookup/Update.0 - linenr 550000
2016-08-18T20:15:27.413+0000: [GC2016-08-18T20:15:27.413+0000: [ParNew: 1555774K->17088K(1555776K), 0.0672770 secs] 1655796K->125719K(2080064K), 0.0673490 secs] [Times: user=0.14 sys=0.00, real=0.06 secs] 
2016/08/18 20:15:40 - Text file input.0 - linenr 600000
2016-08-18T20:15:55.246+0000: [GC2016-08-18T20:15:55.246+0000: [ParNew: 1555776K->17087K(1555776K), 0.0817890 secs] 1664407K->134341K(2080064K), 0.0818550 secs] [Times: user=0.16 sys=0.00, real=0.08 secs] 
2016/08/18 20:16:05 - Voter Lookup/Update.0 - linenr 600000
2016-08-18T20:16:23.520+0000: [GC2016-08-18T20:16:23.520+0000: [ParNew: 1555775K->17087K(1555776K), 0.0778920 secs] 1673029K->142952K(2080064K), 0.0779800 secs] [Times: user=0.15 sys=0.00, real=0.08 secs] 
2016/08/18 20:16:44 - Text file input.0 - linenr 650000
2016-08-18T20:16:52.598+0000: [GC2016-08-18T20:16:52.598+0000: [ParNew: 1555775K->17087K(1555776K), 0.0762660 secs] 1681640K->151559K(2080064K), 0.0764460 secs] [Times: user=0.16 sys=0.00, real=0.08 secs] 
2016/08/18 20:17:10 - Voter Lookup/Update.0 - linenr 650000
2016-08-18T20:17:20.582+0000: [GC2016-08-18T20:17:20.582+0000: [ParNew: 1555775K->17087K(1555776K), 0.0707660 secs] 1690247K->160160K(2080064K), 0.0708330 secs] [Times: user=0.14 sys=0.00, real=0.07 secs] 
2016-08-18T20:17:48.120+0000: [GC2016-08-18T20:17:48.120+0000: [ParNew: 1555775K->17087K(1555776K), 0.0680310 secs] 1698848K->168753K(2080064K), 0.0681150 secs] [Times: user=0.13 sys=0.00, real=0.07 secs] 
2016/08/18 20:17:48 - Text file input.0 - linenr 700000
2016/08/18 20:18:15 - Voter Lookup/Update.0 - linenr 700000
2016-08-18T20:18:16.730+0000: [GC2016-08-18T20:18:16.730+0000: [ParNew: 1555775K->17087K(1555776K), 0.0629580 secs] 1707441K->177364K(2080064K), 0.0630310 secs] [Times: user=0.13 sys=0.00, real=0.07 secs] 
2016-08-18T20:18:44.815+0000: [GC2016-08-18T20:18:44.815+0000: [ParNew: 1555775K->17087K(1555776K), 0.0715300 secs] 1716052K->185976K(2080064K), 0.0717820 secs] [Times: user=0.14 sys=0.00, real=0.07 secs] 
2016/08/18 20:18:53 - Text file input.0 - linenr 750000
2016-08-18T20:19:12.710+0000: [GC2016-08-18T20:19:12.710+0000: [ParNew: 1555775K->17087K(1555776K), 0.0777950 secs] 1724664K->194573K(2080064K), 0.0778640 secs] [Times: user=0.16 sys=0.00, real=0.08 secs] 
2016/08/18 20:19:19 - Voter Lookup/Update.0 - linenr 750000
2016-08-18T20:19:41.505+0000: [GC2016-08-18T20:19:41.505+0000: [ParNew: 1555775K->17087K(1555776K), 0.0731820 secs] 1733261K->203179K(2080064K), 0.0732650 secs] [Times: user=0.14 sys=0.00, real=0.07 secs] 
2016/08/18 20:19:58 - Text file input.0 - linenr 800000
2016-08-18T20:20:09.946+0000: [GC2016-08-18T20:20:09.946+0000: [ParNew: 1555775K->17086K(1555776K), 0.0616830 secs] 1741867K->211794K(2080064K), 0.0617660 secs] [Times: user=0.12 sys=0.00, real=0.06 secs] 
2016/08/18 20:20:23 - Voter Lookup/Update.0 - linenr 800000
2016-08-18T20:20:37.625+0000: [GC2016-08-18T20:20:37.625+0000: [ParNew: 1555774K->17086K(1555776K), 0.0616150 secs] 1750482K->220402K(2080064K), 0.0616830 secs] [Times: user=0.12 sys=0.00, real=0.06 secs] 
2016/08/18 20:21:02 - Text file input.0 - linenr 850000
2016-08-18T20:21:05.888+0000: [GC2016-08-18T20:21:05.888+0000: [ParNew: 1555774K->17086K(1555776K), 0.0660450 secs] 1759090K->229000K(2080064K), 0.0661230 secs] [Times: user=0.13 sys=0.00, real=0.07 secs] 
2016/08/18 20:21:27 - Voter Lookup/Update.0 - linenr 850000
2016-08-18T20:21:34.028+0000: [GC2016-08-18T20:21:34.028+0000: [ParNew: 1555774K->17087K(1555776K), 0.0738350 secs] 1767688K->237599K(2080064K), 0.0739100 secs] [Times: user=0.15 sys=0.00, real=0.07 secs] 
2016-08-18T20:22:02.859+0000: [GC2016-08-18T20:22:02.859+0000: [ParNew: 1555775K->17088K(1555776K), 0.0960090 secs] 1776287K->246206K(2080064K), 0.0960960 secs] [Times: user=0.19 sys=0.00, real=0.10 secs] 
2016/08/18 20:22:06 - Text file input.0 - linenr 900000
2016-08-18T20:22:31.114+0000: [GC2016-08-18T20:22:31.114+0000: [ParNew: 1555776K->17088K(1555776K), 0.0720980 secs] 1784894K->254818K(2080064K), 0.0721890 secs] [Times: user=0.15 sys=0.00, real=0.07 secs] 
2016/08/18 20:22:32 - Voter Lookup/Update.0 - linenr 900000
2016-08-18T20:22:59.721+0000: [GC2016-08-18T20:22:59.721+0000: [ParNew: 1555776K->17086K(1555776K), 0.0737310 secs] 1793506K->263433K(2080064K), 0.0738130 secs] [Times: user=0.15 sys=0.00, real=0.08 secs] 
2016/08/18 20:23:11 - Text file input.0 - linenr 950000
2016-08-18T20:23:28.198+0000: [GC2016-08-18T20:23:28.198+0000: [ParNew: 1555774K->17086K(1555776K), 0.0659230 secs] 1802121K->272049K(2080064K), 0.0659960 secs] [Times: user=0.13 sys=0.00, real=0.07 secs] 
2016/08/18 20:23:37 - Voter Lookup/Update.0 - linenr 950000
2016-08-18T20:23:57.283+0000: [GC2016-08-18T20:23:57.283+0000: [ParNew: 1555774K->17086K(1555776K), 0.0740230 secs] 1810737K->280663K(2080064K), 0.0740950 secs] [Times: user=0.15 sys=0.00, real=0.07 secs] 
2016/08/18 20:24:16 - Text file input.0 - linenr 1000000
2016-08-18T20:24:25.250+0000: [GC2016-08-18T20:24:25.250+0000: [ParNew: 1555774K->17086K(1555776K), 0.0770360 secs] 1819351K->289278K(2080064K), 0.0771130 secs] [Times: user=0.14 sys=0.00, real=0.08 secs] 
2016/08/18 20:24:42 - Voter Lookup/Update.0 - linenr 1000000
2016-08-18T20:24:54.153+0000: [GC2016-08-18T20:24:54.153+0000: [ParNew: 1555774K->17088K(1555776K), 0.0781450 secs] 1827966K->297881K(2080064K), 0.0782200 secs] [Times: user=0.15 sys=0.00, real=0.07 secs] 
2016/08/18 20:25:24 - Text file input.0 - linenr 1050000
2016-08-18T20:25:25.666+0000: [GC2016-08-18T20:25:25.666+0000: [ParNew: 1555776K->17087K(1555776K), 0.0749860 secs] 1836569K->306484K(2080064K), 0.0751320 secs] [Times: user=0.13 sys=0.01, real=0.07 secs] 
2016/08/18 20:25:53 - Voter Lookup/Update.0 - linenr 1050000
2016-08-18T20:25:57.215+0000: [GC2016-08-18T20:25:57.216+0000: [ParNew: 1555775K->17087K(1555776K), 0.0698160 secs] 1845172K->315110K(2080064K), 0.0698830 secs] [Times: user=0.13 sys=0.00, real=0.07 secs] 
2016-08-18T20:26:25.944+0000: [GC2016-08-18T20:26:25.944+0000: [ParNew: 1555775K->17087K(1555776K), 0.0738410 secs] 1853798K->323717K(2080064K), 0.0739230 secs] [Times: user=0.13 sys=0.00, real=0.07 secs] 
2016/08/18 20:26:33 - Text file input.0 - linenr 1100000
2016-08-18T20:26:54.237+0000: [GC2016-08-18T20:26:54.237+0000: [ParNew: 1555775K->17087K(1555776K), 0.0736850 secs] 1862405K->332324K(2080064K), 0.0737750 secs] [Times: user=0.14 sys=0.00, real=0.07 secs] 
2016/08/18 20:26:59 - Voter Lookup/Update.0 - linenr 1100000
2016-08-18T20:27:23.832+0000: [GC2016-08-18T20:27:23.832+0000: [ParNew: 1555775K->17087K(1555776K), 0.0793560 secs] 1871012K->340933K(2080064K), 0.0794290 secs] [Times: user=0.16 sys=0.00, real=0.08 secs] 
2016/08/18 20:27:38 - Text file input.0 - linenr 1150000
2016-08-18T20:27:52.363+0000: [GC2016-08-18T20:27:52.363+0000: [ParNew: 1555775K->17087K(1555776K), 0.0780250 secs] 1879621K->349541K(2080064K), 0.0780990 secs] [Times: user=0.15 sys=0.00, real=0.07 secs] 
2016/08/18 20:28:04 - Voter Lookup/Update.0 - linenr 1150000
2016-08-18T20:28:21.387+0000: [GC2016-08-18T20:28:21.387+0000: [ParNew: 1555775K->17087K(1555776K), 0.0668390 secs] 1888229K->358163K(2080064K), 0.0669240 secs] [Times: user=0.13 sys=0.00, real=0.07 secs] 
2016/08/18 20:28:44 - Text file input.0 - linenr 1200000
2016-08-18T20:28:50.551+0000: [GC2016-08-18T20:28:50.551+0000: [ParNew: 1555775K->17087K(1555776K), 0.0751260 secs] 1896851K->366776K(2080064K), 0.0751940 secs] [Times: user=0.14 sys=0.01, real=0.08 secs] 
2016/08/18 20:29:10 - Voter Lookup/Update.0 - linenr 1200000
2016-08-18T20:29:19.465+0000: [GC2016-08-18T20:29:19.465+0000: [ParNew: 1555775K->17087K(1555776K), 0.0672970 secs] 1905464K->375395K(2080064K), 0.0673610 secs] [Times: user=0.12 sys=0.00, real=0.07 secs] 
2016-08-18T20:29:48.663+0000: [GC2016-08-18T20:29:48.663+0000: [ParNew: 1555775K->17087K(1555776K), 0.0671480 secs] 1914083K->384009K(2080064K), 0.0672130 secs] [Times: user=0.13 sys=0.00, real=0.06 secs] 
2016/08/18 20:29:50 - Text file input.0 - linenr 1250000
2016/08/18 20:30:16 - Voter Lookup/Update.0 - linenr 1250000
2016-08-18T20:30:17.099+0000: [GC2016-08-18T20:30:17.099+0000: [ParNew: 1555775K->17087K(1555776K), 0.0790140 secs] 1922697K->392610K(2080064K), 0.0791410 secs] [Times: user=0.15 sys=0.00, real=0.08 secs] 
2016-08-18T20:30:47.770+0000: [GC2016-08-18T20:30:47.770+0000: [ParNew: 1555775K->17088K(1555776K), 0.1055350 secs] 1931298K->401233K(2080064K), 0.1056220 secs] [Times: user=0.21 sys=0.00, real=0.11 secs] 
2016/08/18 20:30:57 - Text file input.0 - linenr 1300000
2016-08-18T20:31:16.894+0000: [GC2016-08-18T20:31:16.894+0000: [ParNew: 1555776K->17087K(1555776K), 0.0830680 secs] 1939921K->409856K(2080064K), 0.0831430 secs] [Times: user=0.15 sys=0.01, real=0.08 secs] 
2016/08/18 20:31:27 - Voter Lookup/Update.0 - linenr 1300000
2016-08-18T20:31:55.001+0000: [GC2016-08-18T20:31:55.001+0000: [ParNew: 1555775K->17087K(1555776K), 0.0644990 secs] 1948544K->418464K(2080064K), 0.0645690 secs] [Times: user=0.12 sys=0.00, real=0.07 secs] 
2016/08/18 20:32:13 - Text file input.0 - linenr 1350000
2016-08-18T20:32:24.126+0000: [GC2016-08-18T20:32:24.126+0000: [ParNew: 1555775K->17087K(1555776K), 0.0638770 secs] 1957152K->427070K(2080064K), 0.0639420 secs] [Times: user=0.12 sys=0.00, real=0.06 secs] 
2016/08/18 20:32:40 - Voter Lookup/Update.0 - linenr 1350000
2016-08-18T20:32:54.101+0000: [GC2016-08-18T20:32:54.101+0000: [ParNew: 1555775K->17087K(1555776K), 0.0821060 secs] 1965758K->435679K(2080064K), 0.0822100 secs] [Times: user=0.16 sys=0.00, real=0.09 secs] 
2016/08/18 20:33:20 - Text file input.0 - linenr 1400000
2016-08-18T20:33:22.201+0000: [GC2016-08-18T20:33:22.201+0000: [ParNew: 1555775K->17087K(1555776K), 0.0716150 secs] 1974367K->444292K(2080064K), 0.0716820 secs] [Times: user=0.12 sys=0.01, real=0.07 secs] 
2016/08/18 20:33:47 - Voter Lookup/Update.0 - linenr 1400000
2016-08-18T20:33:52.291+0000: [GC2016-08-18T20:33:52.291+0000: [ParNew: 1555775K->17086K(1555776K), 0.0793310 secs] 1982980K->452891K(2080064K), 0.0794170 secs] [Times: user=0.14 sys=0.01, real=0.08 secs] 
2016-08-18T20:34:21.246+0000: [GC2016-08-18T20:34:21.246+0000: [ParNew: 1555774K->17086K(1555776K), 0.0638730 secs] 1991579K->461499K(2080064K), 0.0639580 secs] [Times: user=0.12 sys=0.00, real=0.06 secs] 
2016/08/18 20:34:27 - Text file input.0 - linenr 1450000
2016-08-18T20:34:50.859+0000: [GC2016-08-18T20:34:50.859+0000: [ParNew: 1555774K->17086K(1555776K), 0.0851700 secs] 2000187K->470110K(2080064K), 0.0852400 secs] [Times: user=0.14 sys=0.01, real=0.09 secs] 
2016/08/18 20:34:53 - Voter Lookup/Update.0 - linenr 1450000
2016-08-18T20:35:19.422+0000: [GC2016-08-18T20:35:19.422+0000: [ParNew: 1555774K->17086K(1555776K), 0.0647610 secs] 2008798K->478725K(2080064K), 0.0649220 secs] [Times: user=0.13 sys=0.00, real=0.07 secs] 
2016/08/18 20:35:33 - Text file input.0 - linenr 1500000
2016-08-18T20:35:48.389+0000: [GC2016-08-18T20:35:48.389+0000: [ParNew: 1555774K->17086K(1555776K), 0.0799300 secs] 2017413K->487336K(2080064K), 0.0799990 secs] [Times: user=0.14 sys=0.00, real=0.08 secs] 
2016/08/18 20:36:00 - Voter Lookup/Update.0 - linenr 1500000
2016-08-18T20:36:17.846+0000: [GC2016-08-18T20:36:17.846+0000: [ParNew: 1555774K->17087K(1555776K), 0.0691720 secs] 2026024K->495943K(2080064K), 0.0692390 secs] [Times: user=0.12 sys=0.01, real=0.07 secs] 
2016/08/18 20:36:40 - Text file input.0 - linenr 1550000
2016-08-18T20:36:46.803+0000: [GC2016-08-18T20:36:46.803+0000: [ParNew: 1555775K->17086K(1555776K), 0.0652120 secs] 2034631K->504559K(2080064K), 0.0652810 secs] [Times: user=0.13 sys=0.00, real=0.06 secs] 
2016-08-18T20:36:46.868+0000: [GC [1 CMS-initial-mark: 487473K(524288K)] 535385K(2080064K), 0.0184790 secs] [Times: user=0.02 sys=0.00, real=0.02 secs] 
2016-08-18T20:36:46.999+0000: [CMS-concurrent-mark: 0.112/0.112 secs] [Times: user=0.16 sys=0.00, real=0.11 secs] 
2016-08-18T20:36:47.001+0000: [CMS-concurrent-preclean: 0.001/0.001 secs] [Times: user=0.00 sys=0.00, real=0.00 secs] 
 CMS: abort preclean due to time 2016-08-18T20:36:52.181+0000: [CMS-concurrent-abortable-preclean: 3.673/5.180 secs] [Times: user=5.24 sys=0.16, real=5.18 secs] 
2016-08-18T20:36:52.181+0000: [GC[YG occupancy: 294570 K (1555776 K)]2016-08-18T20:36:52.181+0000: [Rescan (parallel) , 0.1701120 secs]2016-08-18T20:36:52.352+0000: [weak refs processing, 0.0012030 secs]2016-08-18T20:36:52.353+0000: [scrub string table, 0.0007810 secs] [1 CMS-remark: 487473K(524288K)] 782044K(2080064K), 0.1722230 secs] [Times: user=0.35 sys=0.00, real=0.18 secs] 
2016-08-18T20:36:53.004+0000: [CMS-concurrent-sweep: 0.650/0.650 secs] [Times: user=0.87 sys=0.02, real=0.65 secs] 
2016-08-18T20:36:53.006+0000: [CMS-concurrent-reset: 0.002/0.002 secs] [Times: user=0.00 sys=0.00, real=0.00 secs] 
2016/08/18 20:37:07 - Voter Lookup/Update.0 - linenr 1550000
2016-08-18T20:37:16.562+0000: [GC2016-08-18T20:37:16.562+0000: [ParNew: 1555774K->17086K(1555776K), 0.0703400 secs] 1600410K->70336K(2080064K), 0.0704160 secs] [Times: user=0.14 sys=0.00, real=0.07 secs] 
2016-08-18T20:37:45.169+0000: [GC2016-08-18T20:37:45.169+0000: [ParNew: 1555774K->17086K(1555776K), 0.0628720 secs] 1609024K->78946K(2080064K), 0.0629600 secs] [Times: user=0.12 sys=0.00, real=0.06 secs] 
2016/08/18 20:37:47 - Text file input.0 - linenr 1600000
2016/08/18 20:38:14 - Voter Lookup/Update.0 - linenr 1600000
2016-08-18T20:38:15.385+0000: [GC2016-08-18T20:38:15.385+0000: [ParNew: 1555774K->17088K(1555776K), 0.0602280 secs] 1617634K->87548K(2080064K), 0.0602980 secs] [Times: user=0.12 sys=0.00, real=0.06 secs] 
2016-08-18T20:38:43.884+0000: [GC2016-08-18T20:38:43.884+0000: [ParNew: 1555776K->17088K(1555776K), 0.0596720 secs] 1626236K->96148K(2080064K), 0.0597430 secs] [Times: user=0.12 sys=0.00, real=0.06 secs] 
2016/08/18 20:38:54 - Text file input.0 - linenr 1650000
2016-08-18T20:39:12.657+0000: [GC2016-08-18T20:39:12.657+0000: [ParNew: 1555776K->17088K(1555776K), 0.0621260 secs] 1634836K->104744K(2080064K), 0.0621910 secs] [Times: user=0.13 sys=0.00, real=0.06 secs] 
2016/08/18 20:39:20 - Voter Lookup/Update.0 - linenr 1650000
2016-08-18T20:39:42.073+0000: [GC2016-08-18T20:39:42.073+0000: [ParNew: 1555776K->17087K(1555776K), 0.0686160 secs] 1643432K->113354K(2080064K), 0.0686880 secs] [Times: user=0.14 sys=0.00, real=0.06 secs] 
2016/08/18 20:40:01 - Text file input.0 - linenr 1700000
2016-08-18T20:40:11.074+0000: [GC2016-08-18T20:40:11.074+0000: [ParNew: 1555775K->17087K(1555776K), 0.0721400 secs] 1652042K->121963K(2080064K), 0.0722430 secs] [Times: user=0.15 sys=0.00, real=0.07 secs] 
2016/08/18 20:40:28 - Voter Lookup/Update.0 - linenr 1700000
2016-08-18T20:40:41.007+0000: [GC2016-08-18T20:40:41.007+0000: [ParNew: 1555775K->17088K(1555776K), 0.0701830 secs] 1660651K->130584K(2080064K), 0.0702670 secs] [Times: user=0.14 sys=0.00, real=0.07 secs] 
2016/08/18 20:41:08 - Text file input.0 - linenr 1750000
2016-08-18T20:41:10.235+0000: [GC2016-08-18T20:41:10.235+0000: [ParNew: 1555776K->17087K(1555776K), 0.0678080 secs] 1669272K->139205K(2080064K), 0.0678830 secs] [Times: user=0.13 sys=0.00, real=0.06 secs] 
2016/08/18 20:41:35 - Voter Lookup/Update.0 - linenr 1750000
2016-08-18T20:41:39.370+0000: [GC2016-08-18T20:41:39.371+0000: [ParNew: 1555775K->17087K(1555776K), 0.0708300 secs] 1677893K->147799K(2080064K), 0.0709030 secs] [Times: user=0.15 sys=0.00, real=0.07 secs] 
2016-08-18T20:42:08.683+0000: [GC2016-08-18T20:42:08.683+0000: [ParNew: 1555775K->17087K(1555776K), 0.0653270 secs] 1686487K->156419K(2080064K), 0.0654000 secs] [Times: user=0.14 sys=0.00, real=0.06 secs] 
2016/08/18 20:42:15 - Text file input.0 - linenr 1800000
2016-08-18T20:42:37.838+0000: [GC2016-08-18T20:42:37.838+0000: [ParNew: 1555775K->17087K(1555776K), 0.0917850 secs] 1695107K->165041K(2080064K), 0.0918470 secs] [Times: user=0.19 sys=0.00, real=0.09 secs] 
2016/08/18 20:42:41 - Voter Lookup/Update.0 - linenr 1800000
2016-08-18T20:43:06.635+0000: [GC2016-08-18T20:43:06.635+0000: [ParNew: 1555775K->17087K(1555776K), 0.0785260 secs] 1703729K->173657K(2080064K), 0.0786080 secs] [Times: user=0.16 sys=0.00, real=0.08 secs] 
2016/08/18 20:43:21 - Text file input.0 - linenr 1850000
2016-08-18T20:43:36.765+0000: [GC2016-08-18T20:43:36.765+0000: [ParNew: 1555775K->17087K(1555776K), 0.0612730 secs] 1712345K->182267K(2080064K), 0.0613350 secs] [Times: user=0.12 sys=0.00, real=0.06 secs] 
2016/08/18 20:43:49 - Voter Lookup/Update.0 - linenr 1850000
2016-08-18T20:44:05.983+0000: [GC2016-08-18T20:44:05.983+0000: [ParNew: 1555775K->17087K(1555776K), 0.0617630 secs] 1720955K->190876K(2080064K), 0.0618240 secs] [Times: user=0.12 sys=0.00, real=0.06 secs] 
2016/08/18 20:44:29 - Text file input.0 - linenr 1900000
2016-08-18T20:44:35.716+0000: [GC2016-08-18T20:44:35.716+0000: [ParNew: 1555775K->17087K(1555776K), 0.0896210 secs] 1729564K->199480K(2080064K), 0.0898140 secs] [Times: user=0.18 sys=0.00, real=0.09 secs] 
2016/08/18 20:44:56 - Voter Lookup/Update.0 - linenr 1900000
2016-08-18T20:45:05.495+0000: [GC2016-08-18T20:45:05.495+0000: [ParNew: 1555775K->17087K(1555776K), 0.0639540 secs] 1738168K->208099K(2080064K), 0.0640290 secs] [Times: user=0.13 sys=0.00, real=0.06 secs] 
2016-08-18T20:45:35.097+0000: [GC2016-08-18T20:45:35.097+0000: [ParNew: 1555775K->17087K(1555776K), 0.0650290 secs] 1746787K->216710K(2080064K), 0.0651020 secs] [Times: user=0.13 sys=0.00, real=0.06 secs] 
2016/08/18 20:45:38 - Text file input.0 - linenr 1950000
2016/08/18 20:46:05 - Voter Lookup/Update.0 - linenr 1950000
2016-08-18T20:46:05.181+0000: [GC2016-08-18T20:46:05.181+0000: [ParNew: 1555775K->17087K(1555776K), 0.0688830 secs] 1755398K->225304K(2080064K), 0.0689560 secs] [Times: user=0.14 sys=0.00, real=0.07 secs] 
2016-08-18T20:46:34.267+0000: [GC2016-08-18T20:46:34.267+0000: [ParNew: 1555775K->17087K(1555776K), 0.0602600 secs] 1763992K->233916K(2080064K), 0.0603470 secs] [Times: user=0.12 sys=0.00, real=0.06 secs] 
2016/08/18 20:46:44 - Text file input.0 - linenr 2000000
2016-08-18T20:47:03.686+0000: [GC2016-08-18T20:47:03.686+0000: [ParNew: 1555775K->17087K(1555776K), 0.0717630 secs] 1772604K->242525K(2080064K), 0.0718230 secs] [Times: user=0.14 sys=0.00, real=0.07 secs] 
2016/08/18 20:47:11 - Voter Lookup/Update.0 - linenr 2000000
2016-08-18T20:47:33.027+0000: [GC2016-08-18T20:47:33.027+0000: [ParNew: 1555775K->17086K(1555776K), 0.0915610 secs] 1781213K->251140K(2080064K), 0.0916230 secs] [Times: user=0.19 sys=0.00, real=0.09 secs] 
2016/08/18 20:47:51 - Text file input.0 - linenr 2050000
2016-08-18T20:48:02.379+0000: [GC2016-08-18T20:48:02.379+0000: [ParNew: 1555774K->17086K(1555776K), 0.0673630 secs] 1789828K->259754K(2080064K), 0.0674290 secs] [Times: user=0.12 sys=0.00, real=0.07 secs] 
2016/08/18 20:48:18 - Voter Lookup/Update.0 - linenr 2050000
2016-08-18T20:48:32.029+0000: [GC2016-08-18T20:48:32.029+0000: [ParNew: 1555774K->17086K(1555776K), 0.0582080 secs] 1798442K->268369K(2080064K), 0.0582850 secs] [Times: user=0.12 sys=0.00, real=0.06 secs] 
2016/08/18 20:49:00 - Text file input.0 - linenr 2100000
2016-08-18T20:49:03.481+0000: [GC2016-08-18T20:49:03.481+0000: [ParNew: 1555774K->17086K(1555776K), 0.0664830 secs] 1807057K->276991K(2080064K), 0.0665560 secs] [Times: user=0.12 sys=0.00, real=0.07 secs] 
2016/08/18 20:49:31 - Voter Lookup/Update.0 - linenr 2100000
2016-08-18T20:49:37.172+0000: [GC2016-08-18T20:49:37.172+0000: [ParNew: 1555774K->17086K(1555776K), 0.0662380 secs] 1815679K->285615K(2080064K), 0.0662960 secs] [Times: user=0.13 sys=0.00, real=0.07 secs] 
2016-08-18T20:50:09.141+0000: [GC2016-08-18T20:50:09.141+0000: [ParNew: 1555774K->17086K(1555776K), 0.0755690 secs] 1824303K->294215K(2080064K), 0.0756620 secs] [Times: user=0.15 sys=0.00, real=0.08 secs] 
2016/08/18 20:50:15 - Text file input.0 - linenr 2150000
2016-08-18T20:50:39.609+0000: [GC2016-08-18T20:50:39.609+0000: [ParNew: 1555774K->17086K(1555776K), 0.0695370 secs] 1832903K->302822K(2080064K), 0.0696030 secs] [Times: user=0.15 sys=0.00, real=0.07 secs] 
2016/08/18 20:50:43 - Voter Lookup/Update.0 - linenr 2150000
2016-08-18T20:51:09.511+0000: [GC2016-08-18T20:51:09.512+0000: [ParNew: 1555774K->17086K(1555776K), 0.0618720 secs] 1841510K->311418K(2080064K), 0.0619460 secs] [Times: user=0.13 sys=0.00, real=0.07 secs] 
2016/08/18 20:51:24 - Text file input.0 - linenr 2200000
2016-08-18T20:51:39.530+0000: [GC2016-08-18T20:51:39.530+0000: [ParNew: 1555774K->17088K(1555776K), 0.0653990 secs] 1850106K->320022K(2080064K), 0.0655210 secs] [Times: user=0.14 sys=0.00, real=0.07 secs] 
2016/08/18 20:51:51 - Voter Lookup/Update.0 - linenr 2200000
2016-08-18T20:52:10.415+0000: [GC2016-08-18T20:52:10.415+0000: [ParNew: 1555776K->17087K(1555776K), 0.0603600 secs] 1858710K->328621K(2080064K), 0.0604280 secs] [Times: user=0.12 sys=0.00, real=0.06 secs] 
2016/08/18 20:52:33 - Text file input.0 - linenr 2250000
2016-08-18T20:52:40.282+0000: [GC2016-08-18T20:52:40.282+0000: [ParNew: 1555775K->17087K(1555776K), 0.0581710 secs] 1867309K->337239K(2080064K), 0.0582450 secs] [Times: user=0.12 sys=0.00, real=0.06 secs] 
2016/08/18 20:53:00 - Voter Lookup/Update.0 - linenr 2250000
2016-08-18T20:53:09.767+0000: [GC2016-08-18T20:53:09.767+0000: [ParNew: 1555775K->17087K(1555776K), 0.0765240 secs] 1875927K->345862K(2080064K), 0.0766360 secs] [Times: user=0.15 sys=0.00, real=0.08 secs] 
2016-08-18T20:53:39.863+0000: [GC2016-08-18T20:53:39.863+0000: [ParNew: 1555775K->17087K(1555776K), 0.0715350 secs] 1884550K->354483K(2080064K), 0.0715970 secs] [Times: user=0.14 sys=0.00, real=0.07 secs] 
2016/08/18 20:53:41 - Text file input.0 - linenr 2300000
2016/08/18 20:54:09 - Voter Lookup/Update.0 - linenr 2300000
2016-08-18T20:54:09.846+0000: [GC2016-08-18T20:54:09.846+0000: [ParNew: 1555775K->17087K(1555776K), 0.0621750 secs] 1893171K->363082K(2080064K), 0.0622510 secs] [Times: user=0.13 sys=0.00, real=0.06 secs] 
2016-08-18T20:54:39.555+0000: [GC2016-08-18T20:54:39.555+0000: [ParNew: 1555775K->17087K(1555776K), 0.0734000 secs] 1901770K->371702K(2080064K), 0.0734690 secs] [Times: user=0.15 sys=0.00, real=0.07 secs] 
2016/08/18 20:54:49 - Text file input.0 - linenr 2350000
2016-08-18T20:55:09.299+0000: [GC2016-08-18T20:55:09.299+0000: [ParNew: 1555775K->17087K(1555776K), 0.0767050 secs] 1910390K->380312K(2080064K), 0.0767860 secs] [Times: user=0.12 sys=0.00, real=0.08 secs] 
2016/08/18 20:55:16 - Voter Lookup/Update.0 - linenr 2350000
2016-08-18T20:55:39.005+0000: [GC2016-08-18T20:55:39.005+0000: [ParNew: 1555775K->17087K(1555776K), 0.0797990 secs] 1919000K->388920K(2080064K), 0.0798970 secs] [Times: user=0.16 sys=0.00, real=0.08 secs] 
2016/08/18 20:55:57 - Text file input.0 - linenr 2400000
2016-08-18T20:56:09.103+0000: [GC2016-08-18T20:56:09.103+0000: [ParNew: 1555775K->17087K(1555776K), 0.0652800 secs] 1927608K->397534K(2080064K), 0.0653420 secs] [Times: user=0.13 sys=0.00, real=0.06 secs] 
2016/08/18 20:56:25 - Voter Lookup/Update.0 - linenr 2400000
2016-08-18T20:56:39.592+0000: [GC2016-08-18T20:56:39.592+0000: [ParNew: 1555775K->17087K(1555776K), 0.0632270 secs] 1936222K->406139K(2080064K), 0.0632850 secs] [Times: user=0.12 sys=0.00, real=0.07 secs] 
2016/08/18 20:57:06 - Text file input.0 - linenr 2450000
2016-08-18T20:57:09.626+0000: [GC2016-08-18T20:57:09.626+0000: [ParNew: 1555775K->17087K(1555776K), 0.0727140 secs] 1944827K->414751K(2080064K), 0.0727830 secs] [Times: user=0.15 sys=0.00, real=0.07 secs] 
2016/08/18 20:57:34 - Voter Lookup/Update.0 - linenr 2450000
2016-08-18T20:57:39.221+0000: [GC2016-08-18T20:57:39.221+0000: [ParNew: 1555775K->17087K(1555776K), 0.0669750 secs] 1953439K->423362K(2080064K), 0.0670640 secs] [Times: user=0.13 sys=0.00, real=0.07 secs] 
2016-08-18T20:58:09.840+0000: [GC2016-08-18T20:58:09.840+0000: [ParNew: 1555775K->17086K(1555776K), 0.0609450 secs] 1962050K->431970K(2080064K), 0.0610190 secs] [Times: user=0.13 sys=0.00, real=0.06 secs] 
2016/08/18 20:58:15 - Text file input.0 - linenr 2500000
2016-08-18T20:58:39.811+0000: [GC2016-08-18T20:58:39.811+0000: [ParNew: 1555774K->17086K(1555776K), 0.0858300 secs] 1970658K->440577K(2080064K), 0.0859050 secs] [Times: user=0.17 sys=0.00, real=0.09 secs] 
2016/08/18 20:58:43 - Voter Lookup/Update.0 - linenr 2500000
2016-08-18T20:59:10.341+0000: [GC2016-08-18T20:59:10.341+0000: [ParNew: 1555774K->17086K(1555776K), 0.0631780 secs] 1979265K->449181K(2080064K), 0.0632450 secs] [Times: user=0.13 sys=0.00, real=0.07 secs] 
2016/08/18 20:59:24 - Text file input.0 - linenr 2550000
2016-08-18T20:59:40.398+0000: [GC2016-08-18T20:59:40.398+0000: [ParNew: 1555774K->17086K(1555776K), 0.0643760 secs] 1987869K->457799K(2080064K), 0.0644370 secs] [Times: user=0.13 sys=0.00, real=0.06 secs] 
2016/08/18 20:59:51 - Voter Lookup/Update.0 - linenr 2550000
2016-08-18T21:00:10.913+0000: [GC2016-08-18T21:00:10.913+0000: [ParNew: 1555774K->17086K(1555776K), 0.0701810 secs] 1996487K->466425K(2080064K), 0.0702760 secs] [Times: user=0.14 sys=0.00, real=0.08 secs] 
2016/08/18 21:00:33 - Text file input.0 - linenr 2600000
2016-08-18T21:00:40.501+0000: [GC2016-08-18T21:00:40.501+0000: [ParNew: 1555774K->17086K(1555776K), 0.0622720 secs] 2005113K->475034K(2080064K), 0.0623390 secs] [Times: user=0.12 sys=0.00, real=0.07 secs] 
2016/08/18 21:01:00 - Voter Lookup/Update.0 - linenr 2600000
2016-08-18T21:01:11.583+0000: [GC2016-08-18T21:01:11.583+0000: [ParNew: 1555774K->17086K(1555776K), 0.0740740 secs] 2013722K->483654K(2080064K), 0.0741840 secs] [Times: user=0.15 sys=0.00, real=0.07 secs] 
2016-08-18T21:01:43.054+0000: [GC2016-08-18T21:01:43.054+0000: [ParNew: 1555774K->17088K(1555776K), 0.0683010 secs] 2022342K->492279K(2080064K), 0.0683710 secs] [Times: user=0.14 sys=0.00, real=0.06 secs] 
2016/08/18 21:01:44 - Text file input.0 - linenr 2650000
2016/08/18 21:02:13 - Voter Lookup/Update.0 - linenr 2650000
2016-08-18T21:02:14.750+0000: [GC2016-08-18T21:02:14.750+0000: [ParNew: 1555776K->17088K(1555776K), 0.0842640 secs] 2030967K->500887K(2080064K), 0.0844320 secs] [Times: user=0.15 sys=0.00, real=0.09 secs] 
2016-08-18T21:02:14.834+0000: [GC [1 CMS-initial-mark: 483799K(524288K)] 531713K(2080064K), 0.0184260 secs] [Times: user=0.02 sys=0.00, real=0.02 secs] 
2016-08-18T21:02:15.008+0000: [CMS-concurrent-mark: 0.156/0.156 secs] [Times: user=0.21 sys=0.01, real=0.15 secs] 
2016-08-18T21:02:15.011+0000: [CMS-concurrent-preclean: 0.002/0.002 secs] [Times: user=0.00 sys=0.00, real=0.00 secs] 
 CMS: abort preclean due to time 2016-08-18T21:02:20.189+0000: [CMS-concurrent-abortable-preclean: 3.677/5.179 secs] [Times: user=5.30 sys=0.15, real=5.18 secs] 
2016-08-18T21:02:20.190+0000: [GC[YG occupancy: 294579 K (1555776 K)]2016-08-18T21:02:20.190+0000: [Rescan (parallel) , 0.1591090 secs]2016-08-18T21:02:20.349+0000: [weak refs processing, 0.0013090 secs]2016-08-18T21:02:20.351+0000: [scrub string table, 0.0007540 secs] [1 CMS-remark: 483799K(524288K)] 778379K(2080064K), 0.1613310 secs] [Times: user=0.33 sys=0.00, real=0.16 secs] 
2016-08-18T21:02:20.941+0000: [CMS-concurrent-sweep: 0.589/0.589 secs] [Times: user=0.79 sys=0.01, real=0.59 secs] 
2016-08-18T21:02:20.943+0000: [CMS-concurrent-reset: 0.002/0.002 secs] [Times: user=0.00 sys=0.00, real=0.01 secs] 
2016-08-18T21:02:46.667+0000: [GC2016-08-18T21:02:46.667+0000: [ParNew: 1555776K->17088K(1555776K), 0.0618980 secs] 1598651K->68573K(2080064K), 0.0619580 secs] [Times: user=0.13 sys=0.00, real=0.06 secs] 
2016/08/18 21:02:56 - Text file input.0 - linenr 2700000
2016-08-18T21:03:18.232+0000: [GC2016-08-18T21:03:18.232+0000: [ParNew: 1555776K->17088K(1555776K), 0.0582060 secs] 1607261K->77196K(2080064K), 0.0582710 secs] [Times: user=0.12 sys=0.00, real=0.06 secs] 
2016/08/18 21:03:26 - Voter Lookup/Update.0 - linenr 2700000
2016-08-18T21:03:50.727+0000: [GC2016-08-18T21:03:50.727+0000: [ParNew: 1555776K->17087K(1555776K), 0.0597100 secs] 1615884K->85811K(2080064K), 0.0597700 secs] [Times: user=0.13 sys=0.00, real=0.06 secs] 
2016/08/18 21:04:10 - Text file input.0 - linenr 2750000
2016-08-18T21:04:22.084+0000: [GC2016-08-18T21:04:22.084+0000: [ParNew: 1555775K->17087K(1555776K), 0.0818220 secs] 1624499K->94411K(2080064K), 0.0819140 secs] [Times: user=0.17 sys=0.00, real=0.08 secs] 
2016/08/18 21:04:39 - Voter Lookup/Update.0 - linenr 2750000
2016-08-18T21:04:54.823+0000: [GC2016-08-18T21:04:54.823+0000: [ParNew: 1555775K->17088K(1555776K), 0.0823470 secs] 1633099K->103028K(2080064K), 0.0824280 secs] [Times: user=0.17 sys=0.00, real=0.08 secs] 
2016/08/18 21:05:23 - Text file input.0 - linenr 2800000
2016-08-18T21:05:26.825+0000: [GC2016-08-18T21:05:26.825+0000: [ParNew: 1555776K->17087K(1555776K), 0.0710900 secs] 1641716K->111629K(2080064K), 0.0711650 secs] [Times: user=0.14 sys=0.00, real=0.07 secs] 
2016/08/18 21:05:53 - Voter Lookup/Update.0 - linenr 2800000
2016-08-18T21:05:58.945+0000: [GC2016-08-18T21:05:58.945+0000: [ParNew: 1555775K->17086K(1555776K), 0.0704840 secs] 1650317K->120242K(2080064K), 0.0705520 secs] [Times: user=0.14 sys=0.00, real=0.07 secs] 
2016-08-18T21:06:34.037+0000: [GC2016-08-18T21:06:34.037+0000: [ParNew: 1555774K->17087K(1555776K), 0.0604170 secs] 1658930K->128857K(2080064K), 0.0604780 secs] [Times: user=0.12 sys=0.00, real=0.06 secs] 
2016/08/18 21:06:40 - Text file input.0 - linenr 2850000
2016-08-18T21:07:06.117+0000: [GC2016-08-18T21:07:06.117+0000: [ParNew: 1555775K->17087K(1555776K), 0.0695000 secs] 1667545K->137461K(2080064K), 0.0695790 secs] [Times: user=0.12 sys=0.00, real=0.07 secs] 
2016/08/18 21:07:08 - Voter Lookup/Update.0 - linenr 2850000
2016-08-18T21:07:36.601+0000: [GC2016-08-18T21:07:36.601+0000: [ParNew: 1555775K->17086K(1555776K), 0.0664730 secs] 1676149K->146067K(2080064K), 0.0665340 secs] [Times: user=0.14 sys=0.00, real=0.07 secs] 
2016/08/18 21:07:51 - Text file input.0 - linenr 2900000
2016-08-18T21:08:08.224+0000: [GC2016-08-18T21:08:08.224+0000: [ParNew: 1555774K->17086K(1555776K), 0.0679870 secs] 1684755K->154675K(2080064K), 0.0680640 secs] [Times: user=0.14 sys=0.00, real=0.06 secs] 
2016/08/18 21:08:20 - Voter Lookup/Update.0 - linenr 2900000
2016-08-18T21:08:38.700+0000: [GC2016-08-18T21:08:38.700+0000: [ParNew: 1555774K->17086K(1555776K), 0.0730400 secs] 1693363K->163287K(2080064K), 0.0731270 secs] [Times: user=0.14 sys=0.00, real=0.08 secs] 
2016/08/18 21:09:01 - Text file input.0 - linenr 2950000
2016-08-18T21:09:10.225+0000: [GC2016-08-18T21:09:10.225+0000: [ParNew: 1555774K->17086K(1555776K), 0.0650470 secs] 1701975K->171890K(2080064K), 0.0651280 secs] [Times: user=0.13 sys=0.00, real=0.06 secs] 
2016/08/18 21:09:29 - Voter Lookup/Update.0 - linenr 2950000
2016-08-18T21:09:40.347+0000: [GC2016-08-18T21:09:40.347+0000: [ParNew: 1555774K->17087K(1555776K), 0.0881450 secs] 1710578K->180503K(2080064K), 0.0882280 secs] [Times: user=0.17 sys=0.00, real=0.09 secs] 
2016-08-18T21:10:12.135+0000: [GC2016-08-18T21:10:12.135+0000: [ParNew: 1555775K->17086K(1555776K), 0.0641540 secs] 1719191K->189115K(2080064K), 0.0642220 secs] [Times: user=0.13 sys=0.00, real=0.06 secs] 
2016/08/18 21:10:12 - Text file input.0 - linenr 3000000
2016/08/18 21:10:40 - Voter Lookup/Update.0 - linenr 3000000
2016-08-18T21:10:42.206+0000: [GC2016-08-18T21:10:42.206+0000: [ParNew: 1555774K->17086K(1555776K), 0.0693580 secs] 1727803K->197735K(2080064K), 0.0694460 secs] [Times: user=0.14 sys=0.00, real=0.07 secs] 
2016-08-18T21:11:14.151+0000: [GC2016-08-18T21:11:14.151+0000: [ParNew: 1555774K->17088K(1555776K), 0.0778550 secs] 1736423K->206345K(2080064K), 0.0779410 secs] [Times: user=0.16 sys=0.00, real=0.08 secs] 
2016/08/18 21:11:24 - Text file input.0 - linenr 3050000
2016-08-18T21:11:45.509+0000: [GC2016-08-18T21:11:45.509+0000: [ParNew: 1555776K->17088K(1555776K), 0.0673430 secs] 1745033K->214962K(2080064K), 0.0674040 secs] [Times: user=0.12 sys=0.00, real=0.07 secs] 
2016/08/18 21:11:52 - Voter Lookup/Update.0 - linenr 3050000
2016-08-18T21:12:17.595+0000: [GC2016-08-18T21:12:17.595+0000: [ParNew: 1555776K->17088K(1555776K), 0.0758970 secs] 1753650K->223579K(2080064K), 0.0759590 secs] [Times: user=0.15 sys=0.00, real=0.07 secs] 
2016/08/18 21:12:35 - Text file input.0 - linenr 3100000
2016-08-18T21:12:57.982+0000: [GC2016-08-18T21:12:57.982+0000: [ParNew: 1555776K->17087K(1555776K), 0.0604040 secs] 1762267K->232181K(2080064K), 0.0604790 secs] [Times: user=0.12 sys=0.00, real=0.07 secs] 
2016/08/18 21:13:14 - Voter Lookup/Update.0 - linenr 3100000
2016-08-18T21:13:30.958+0000: [GC2016-08-18T21:13:30.958+0000: [ParNew: 1555775K->17087K(1555776K), 0.0625780 secs] 1770869K->240777K(2080064K), 0.0626460 secs] [Times: user=0.13 sys=0.00, real=0.06 secs] 
2016/08/18 21:13:58 - Text file input.0 - linenr 3150000
2016-08-18T21:14:02.733+0000: [GC2016-08-18T21:14:02.733+0000: [ParNew: 1555775K->17087K(1555776K), 0.0607400 secs] 1779465K->249400K(2080064K), 0.0609060 secs] [Times: user=0.12 sys=0.00, real=0.06 secs] 
2016/08/18 21:14:27 - Voter Lookup/Update.0 - linenr 3150000
2016-08-18T21:14:33.317+0000: [GC2016-08-18T21:14:33.317+0000: [ParNew: 1555775K->17087K(1555776K), 0.0650470 secs] 1788088K->258009K(2080064K), 0.0651090 secs] [Times: user=0.14 sys=0.00, real=0.06 secs] 
2016-08-18T21:15:04.388+0000: [GC2016-08-18T21:15:04.388+0000: [ParNew: 1555775K->17087K(1555776K), 0.0598740 secs] 1796697K->266618K(2080064K), 0.0599480 secs] [Times: user=0.12 sys=0.00, real=0.06 secs] 
2016/08/18 21:15:09 - Text file input.0 - linenr 3200000
2016-08-18T21:15:35.453+0000: [GC2016-08-18T21:15:35.453+0000: [ParNew: 1555775K->17087K(1555776K), 0.0593360 secs] 1805306K->275234K(2080064K), 0.0593970 secs] [Times: user=0.12 sys=0.00, real=0.06 secs] 
2016/08/18 21:15:38 - Voter Lookup/Update.0 - linenr 3200000
2016-08-18T21:16:09.796+0000: [GC2016-08-18T21:16:09.796+0000: [ParNew: 1555775K->17087K(1555776K), 0.0609090 secs] 1813922K->283847K(2080064K), 0.0609740 secs] [Times: user=0.12 sys=0.00, real=0.06 secs] 
2016/08/18 21:16:27 - Text file input.0 - linenr 3250000
2016-08-18T21:16:47.887+0000: [GC2016-08-18T21:16:47.887+0000: [ParNew: 1555775K->17087K(1555776K), 0.0667320 secs] 1822535K->292469K(2080064K), 0.0667970 secs] [Times: user=0.13 sys=0.00, real=0.07 secs] 
2016/08/18 21:16:59 - Voter Lookup/Update.0 - linenr 3250000
2016-08-18T21:17:18.972+0000: [GC2016-08-18T21:17:18.972+0000: [ParNew: 1555775K->17087K(1555776K), 0.0602720 secs] 1831157K->301083K(2080064K), 0.0603520 secs] [Times: user=0.12 sys=0.00, real=0.06 secs] 
2016/08/18 21:17:41 - Text file input.0 - linenr 3300000
2016-08-18T21:17:49.534+0000: [GC2016-08-18T21:17:49.534+0000: [ParNew: 1555775K->17086K(1555776K), 0.0705770 secs] 1839771K->309689K(2080064K), 0.0706440 secs] [Times: user=0.14 sys=0.00, real=0.07 secs] 
2016/08/18 21:18:10 - Voter Lookup/Update.0 - linenr 3300000
2016-08-18T21:18:21.069+0000: [GC2016-08-18T21:18:21.069+0000: [ParNew: 1555774K->17086K(1555776K), 0.0694930 secs] 1848377K->318301K(2080064K), 0.0695630 secs] [Times: user=0.14 sys=0.00, real=0.07 secs] 
2016-08-18T21:18:52.156+0000: [GC2016-08-18T21:18:52.156+0000: [ParNew: 1555774K->17086K(1555776K), 0.0761440 secs] 1856989K->326921K(2080064K), 0.0762110 secs] [Times: user=0.16 sys=0.00, real=0.07 secs] 
2016/08/18 21:18:53 - Text file input.0 - linenr 3350000
2016/08/18 21:19:16 - Text file input.0 - Finished processing (I=3366187, O=0, R=1, W=3366186, U=1, E=0)
2016/08/18 21:19:21 - Voter Lookup/Update.0 - linenr 3350000
2016-08-18T21:19:26.875+0000: [GC2016-08-18T21:19:26.875+0000: [ParNew: 1555774K->17088K(1555776K), 0.0459870 secs] 1865609K->328231K(2080064K), 0.0461020 secs] [Times: user=0.09 sys=0.00, real=0.04 secs] 
2016/08/18 21:19:30 - Strings cut.0 - Finished processing (I=0, O=0, R=3366186, W=3366186, U=0, E=0)
2016/08/18 21:19:45 - Voter Lookup/Update.0 - Finished processing (I=3366186, O=3366186, R=3366186, W=3366186, U=0, E=0)
2016/08/18 21:19:45 - Pan - Finished!
2016/08/18 21:19:45 - Pan - Start=2016/08/18 20:03:05.236, Stop=2016/08/18 21:19:45.028
2016/08/18 21:19:45 - Pan - Processing ended after 1 hours, 16 minutes and 39 seconds (4599 seconds total).
2016/08/18 21:19:45 - updateOhioVoterAndPeopleDimensions -  
2016/08/18 21:19:45 - updateOhioVoterAndPeopleDimensions - Step Get Variables.0 ended successfully, processed 1 lines. ( 0 lines/s)
2016/08/18 21:19:45 - updateOhioVoterAndPeopleDimensions - Step Lookup report date key.0 ended successfully, processed 1 lines. ( 0 lines/s)
2016/08/18 21:19:45 - updateOhioVoterAndPeopleDimensions - Step Text file input.0 ended successfully, processed 3366186 lines. ( 731 lines/s)
2016/08/18 21:19:45 - updateOhioVoterAndPeopleDimensions - Step Strings cut.0 ended successfully, processed 3366186 lines. ( 731 lines/s)
2016/08/18 21:19:45 - updateOhioVoterAndPeopleDimensions - Step Voter Lookup/Update.0 ended successfully, processed 3366186 lines. ( 731 lines/s)
Heap
 par new generation   total 1555776K, used 800070K [0x000000075ba00000, 0x00000007bba00000, 0x00000007bba00000)
  eden space 1538688K,  50% used [0x000000075ba00000, 0x000000078b6a19d0, 0x00000007b98a0000)
  from space 17088K, 100% used [0x00000007ba950000, 0x00000007bba00000, 0x00000007bba00000)
  to   space 17088K,   0% used [0x00000007b98a0000, 0x00000007b98a0000, 0x00000007ba950000)
 concurrent mark-sweep generation total 524288K, used 311143K [0x00000007bba00000, 0x00000007dba00000, 0x00000007fae00000)
 concurrent-mark-sweep perm gen total 83968K, used 51759K [0x00000007fae00000, 0x0000000800000000, 0x0000000800000000)
